Generate the report at 2026-07-26T20:32:03, GitVersion: aa25008b3778a76ae1975c839d4cc459f7f7b3b7.
+-------------------+-------------+------------+------------+---------------+-------+-------+-----------+
| Endpoint          | Clock Group | Delay Type | Path Delay | Path Required | CPPR  | Slack | Freq(MHz) |
+-------------------+-------------+------------+------------+---------------+-------+-------+-----------+
| count_20__reg_p:D | core_clock  | max        | 0.448r     | 1.973         | 0.000 | 1.524 | 2103.032  |
| count_21__reg_p:D | core_clock  | max        | 0.448r     | 1.973         | 0.000 | 1.525 | 2104.851  |
| count_19__reg_p:D | core_clock  | max        | 0.445r     | 1.973         | 0.000 | 1.528 | 2117.177  |
| count_18__reg_p:D | core_clock  | max        | 0.438r     | 1.973         | 0.000 | 1.535 | 2149.280  |
| count_17__reg_p:D | core_clock  | max        | 0.438r     | 1.973         | 0.000 | 1.535 | 2149.299  |
| count_21__reg_p:D | core_clock  | min        | 0.114f     | -0.008        | 0.000 | 0.122 | NA        |
| count_20__reg_p:D | core_clock  | min        | 0.114f     | -0.008        | 0.000 | 0.122 | NA        |
| count_19__reg_p:D | core_clock  | min        | 0.119f     | -0.008        | 0.000 | 0.127 | NA        |
| led[0]_reg_p:D    | core_clock  | min        | 0.121f     | -0.009        | 0.000 | 0.130 | NA        |
| count_15__reg_p:D | core_clock  | min        | 0.122f     | -0.008        | 0.000 | 0.130 | NA        |
+-------------------+-------------+------------+------------+---------------+-------+-------+-----------+
+------------+------------+-------+
| Clock      | Delay Type | TNS   |
+------------+------------+-------+
| core_clock | max        | 0.000 |
| core_clock | min        | 0.000 |
+------------+------------+-------+
+-------------------------------------------------------------------+--------+-------------+------------+------------+-------------+--------+-----------------+
| Point                                                             | Fanout | Capacitance | Resistance | Transition | Delta Delay | Incr   | Path            |
+-------------------------------------------------------------------+--------+-------------+------------+------------+-------------+--------+-----------------+
| clk (port)                                                        |        | 0.048       | 0.000      | 0.000      |             | 0.000  | 0.000r          |
| clk (clock net)                                                   | 48     |             |            |            | NA          |        |                 |
| count_1__reg_p:CK (DFFQX1H7L)                                     |        | 0.001       | 0.000      | 0.000      |             | 0.000  | 0.000r          |
| clock core_clock (rise edge)                                      |        |             |            |            |             | 0      | 0               |
| clock network delay (ideal)                                       |        |             |            |            |             | 0.000  | 0.000           |
| count_1__reg_p:CK (DFFQX1H7L)                                     |        | 0.001       | 0.000      | 0.000      |             | 0.000  | 0.000r          |
| count_1__reg_p:Q (DFFQX1H7L)                                      |        | 0.008       | 0.000      | 0.087      |             | 0.123  | 0.123r          |
| count_1_ (net)                                                    | 6      |             |            |            | 0.000       |        |                 |
| count_3__NAND4X6H7L_D:A (NAND4X6H7L)                              |        | 0.003       | 0.000      | 0.087      |             | 0.000  | 0.123r          |
| count_3__NAND4X6H7L_D:Y (NAND4X6H7L)                              |        | 0.006       | 0.000      | 0.062      |             | 0.055  | 0.179f          |
| count_3__NAND4X6H7L_D_Y (net)                                     | 8      |             |            |            | 0.000       |        |                 |
| count_12__NAND4X0P5H7L_A_Y_OR4X1P4H7L_C:A (OR4X1P4H7L)            |        | 0.001       | 0.000      | 0.062      |             | 0.000  | 0.179f          |
| count_12__NAND4X0P5H7L_A_Y_OR4X1P4H7L_C:Y (OR4X1P4H7L)            |        | 0.002       | 0.000      | 0.043      |             | 0.118  | 0.297f          |
| count_12__NAND4X0P5H7L_A_Y_OR4X1P4H7L_C_Y (net)                   | 1      |             |            |            | 0.000       |        |                 |
| count_12__NAND4X0P5H7L_A_Y_OR4X1P4H7L_C_Y_BUFX7H7L_A:A (BUFX7H7L) |        | 0.002       | 0.000      | 0.043      |             | 0.000  | 0.297f          |
| count_12__NAND4X0P5H7L_A_Y_OR4X1P4H7L_C_Y_BUFX7H7L_A:Y (BUFX7H7L) |        | 0.010       | 0.000      | 0.024      |             | 0.048  | 0.345f          |
| count_16__reg_p_D_NOR2X3H7L_Y_B_XNOR2X3H7L_Y_B (net)              | 12     |             |            |            | 0.000       |        |                 |
| count_20__reg_p_D_AOI21X2H7L_Y_A1_OR3X1P4H7L_Y:B (OR3X1P4H7L)     |        | 0.001       | 0.000      | 0.024      |             | 0.000  | 0.345f          |
| count_20__reg_p_D_AOI21X2H7L_Y_A1_OR3X1P4H7L_Y:Y (OR3X1P4H7L)     |        | 0.001       | 0.000      | 0.029      |             | 0.072  | 0.417f          |
| count_20__reg_p_D_AOI21X2H7L_Y_A1 (net)                           | 1      |             |            |            | 0.000       |        |                 |
| count_20__reg_p_D_AOI21X2H7L_Y:A1 (AOI21X2H7L)                    |        | 0.001       | 0.000      | 0.029      |             | 0.000  | 0.417f          |
| count_20__reg_p_D_AOI21X2H7L_Y:Y (AOI21X2H7L)                     |        | 0.001       | 0.000      | 0.038      |             | 0.031  | 0.448r          |
| count_20__reg_p_D (net)                                           | 1      |             |            |            | 0.000       |        |                 |
| count_20__reg_p:D (DFFQX1H7L)                                     |        | 0.001       | 0.000      | 0.038      |             | 0.000  | 0.448r          |
|                                                                   |        |             |            |            |             |        |                 |
| clk (port)                                                        |        | 0.038       | 0.000      | 0.000      |             | 0.000  | 0.000r          |
| clk (clock net)                                                   | 48     |             |            |            | NA          |        |                 |
| count_20__reg_p:CK (DFFQX1H7L)                                    |        | 0.001       | 0.000      | 0.000      |             | 0.000  | 0.000r          |
| clock core_clock (rise edge)                                      |        |             |            |            |             | 2      | 2               |
| clock network delay (ideal)                                       |        |             |            |            |             | 0.000  | 2.000           |
| count_20__reg_p:CK (DFFQX1H7L)                                    |        |             |            |            |             |        | 2.000r          |
| library setup time                                                |        |             |            |            |             | -0.027 | 1.973           |
| clock reconvergence pessimism                                     |        |             |            |            |             | 0.000  | 1.973           |
|                                                                   |        |             |            |            |             |        |                 |
| path cell delay                                                   |        |             |            |            |             |        | 0.448(100.000%) |
| path net delay                                                    |        |             |            |            |             |        | 0.000(0.000%)   |
|                                                                   |        |             |            |            |             |        |                 |
| data require time                                                 |        |             |            |            |             |        | 1.973           |
| data arrival time                                                 |        |             |            |            |             |        | 0.448           |
| slack (MET)                                                       |        |             |            |            |             |        | 1.524           |
+-------------------------------------------------------------------+--------+-------------+------------+------------+-------------+--------+-----------------+
+-------------------------------------------------------------------+--------+-------------+------------+------------+-------------+--------+-----------------+
| Point                                                             | Fanout | Capacitance | Resistance | Transition | Delta Delay | Incr   | Path            |
+-------------------------------------------------------------------+--------+-------------+------------+------------+-------------+--------+-----------------+
| clk (port)                                                        |        | 0.048       | 0.000      | 0.000      |             | 0.000  | 0.000r          |
| clk (clock net)                                                   | 48     |             |            |            | NA          |        |                 |
| count_1__reg_p:CK (DFFQX1H7L)                                     |        | 0.001       | 0.000      | 0.000      |             | 0.000  | 0.000r          |
| clock core_clock (rise edge)                                      |        |             |            |            |             | 0      | 0               |
| clock network delay (ideal)                                       |        |             |            |            |             | 0.000  | 0.000           |
| count_1__reg_p:CK (DFFQX1H7L)                                     |        | 0.001       | 0.000      | 0.000      |             | 0.000  | 0.000r          |
| count_1__reg_p:Q (DFFQX1H7L)                                      |        | 0.008       | 0.000      | 0.087      |             | 0.123  | 0.123r          |
| count_1_ (net)                                                    | 6      |             |            |            | 0.000       |        |                 |
| count_3__NAND4X6H7L_D:A (NAND4X6H7L)                              |        | 0.003       | 0.000      | 0.087      |             | 0.000  | 0.123r          |
| count_3__NAND4X6H7L_D:Y (NAND4X6H7L)                              |        | 0.006       | 0.000      | 0.062      |             | 0.055  | 0.179f          |
| count_3__NAND4X6H7L_D_Y (net)                                     | 8      |             |            |            | 0.000       |        |                 |
| count_12__NAND4X0P5H7L_A_Y_OR4X1P4H7L_C:A (OR4X1P4H7L)            |        | 0.001       | 0.000      | 0.062      |             | 0.000  | 0.179f          |
| count_12__NAND4X0P5H7L_A_Y_OR4X1P4H7L_C:Y (OR4X1P4H7L)            |        | 0.002       | 0.000      | 0.043      |             | 0.118  | 0.297f          |
| count_12__NAND4X0P5H7L_A_Y_OR4X1P4H7L_C_Y (net)                   | 1      |             |            |            | 0.000       |        |                 |
| count_12__NAND4X0P5H7L_A_Y_OR4X1P4H7L_C_Y_BUFX7H7L_A:A (BUFX7H7L) |        | 0.002       | 0.000      | 0.043      |             | 0.000  | 0.297f          |
| count_12__NAND4X0P5H7L_A_Y_OR4X1P4H7L_C_Y_BUFX7H7L_A:Y (BUFX7H7L) |        | 0.010       | 0.000      | 0.024      |             | 0.048  | 0.345f          |
| count_16__reg_p_D_NOR2X3H7L_Y_B_XNOR2X3H7L_Y_B (net)              | 12     |             |            |            | 0.000       |        |                 |
| count_21__reg_p_D_AOI21X2H7L_Y_A1_OR3X1P4H7L_Y:B (OR3X1P4H7L)     |        | 0.001       | 0.000      | 0.024      |             | 0.000  | 0.345f          |
| count_21__reg_p_D_AOI21X2H7L_Y_A1_OR3X1P4H7L_Y:Y (OR3X1P4H7L)     |        | 0.001       | 0.000      | 0.028      |             | 0.072  | 0.417f          |
| count_21__reg_p_D_AOI21X2H7L_Y_A1 (net)                           | 1      |             |            |            | 0.000       |        |                 |
| count_21__reg_p_D_AOI21X2H7L_Y:A1 (AOI21X2H7L)                    |        | 0.001       | 0.000      | 0.028      |             | 0.000  | 0.417f          |
| count_21__reg_p_D_AOI21X2H7L_Y:Y (AOI21X2H7L)                     |        | 0.001       | 0.000      | 0.038      |             | 0.031  | 0.448r          |
| count_21__reg_p_D (net)                                           | 1      |             |            |            | 0.000       |        |                 |
| count_21__reg_p:D (DFFQX1H7L)                                     |        | 0.001       | 0.000      | 0.038      |             | 0.000  | 0.448r          |
|                                                                   |        |             |            |            |             |        |                 |
| clk (port)                                                        |        | 0.038       | 0.000      | 0.000      |             | 0.000  | 0.000r          |
| clk (clock net)                                                   | 48     |             |            |            | NA          |        |                 |
| count_21__reg_p:CK (DFFQX1H7L)                                    |        | 0.001       | 0.000      | 0.000      |             | 0.000  | 0.000r          |
| clock core_clock (rise edge)                                      |        |             |            |            |             | 2      | 2               |
| clock network delay (ideal)                                       |        |             |            |            |             | 0.000  | 2.000           |
| count_21__reg_p:CK (DFFQX1H7L)                                    |        |             |            |            |             |        | 2.000r          |
| library setup time                                                |        |             |            |            |             | -0.027 | 1.973           |
| clock reconvergence pessimism                                     |        |             |            |            |             | 0.000  | 1.973           |
|                                                                   |        |             |            |            |             |        |                 |
| path cell delay                                                   |        |             |            |            |             |        | 0.448(100.000%) |
| path net delay                                                    |        |             |            |            |             |        | 0.000(0.000%)   |
|                                                                   |        |             |            |            |             |        |                 |
| data require time                                                 |        |             |            |            |             |        | 1.973           |
| data arrival time                                                 |        |             |            |            |             |        | 0.448           |
| slack (MET)                                                       |        |             |            |            |             |        | 1.525           |
+-------------------------------------------------------------------+--------+-------------+------------+------------+-------------+--------+-----------------+
+-------------------------------------------------------------------+--------+-------------+------------+------------+-------------+--------+-----------------+
| Point                                                             | Fanout | Capacitance | Resistance | Transition | Delta Delay | Incr   | Path            |
+-------------------------------------------------------------------+--------+-------------+------------+------------+-------------+--------+-----------------+
| clk (port)                                                        |        | 0.048       | 0.000      | 0.000      |             | 0.000  | 0.000r          |
| clk (clock net)                                                   | 48     |             |            |            | NA          |        |                 |
| count_1__reg_p:CK (DFFQX1H7L)                                     |        | 0.001       | 0.000      | 0.000      |             | 0.000  | 0.000r          |
| clock core_clock (rise edge)                                      |        |             |            |            |             | 0      | 0               |
| clock network delay (ideal)                                       |        |             |            |            |             | 0.000  | 0.000           |
| count_1__reg_p:CK (DFFQX1H7L)                                     |        | 0.001       | 0.000      | 0.000      |             | 0.000  | 0.000r          |
| count_1__reg_p:Q (DFFQX1H7L)                                      |        | 0.008       | 0.000      | 0.087      |             | 0.123  | 0.123r          |
| count_1_ (net)                                                    | 6      |             |            |            | 0.000       |        |                 |
| count_3__NAND4X6H7L_D:A (NAND4X6H7L)                              |        | 0.003       | 0.000      | 0.087      |             | 0.000  | 0.123r          |
| count_3__NAND4X6H7L_D:Y (NAND4X6H7L)                              |        | 0.006       | 0.000      | 0.062      |             | 0.055  | 0.179f          |
| count_3__NAND4X6H7L_D_Y (net)                                     | 8      |             |            |            | 0.000       |        |                 |
| count_12__NAND4X0P5H7L_A_Y_OR4X1P4H7L_C:A (OR4X1P4H7L)            |        | 0.001       | 0.000      | 0.062      |             | 0.000  | 0.179f          |
| count_12__NAND4X0P5H7L_A_Y_OR4X1P4H7L_C:Y (OR4X1P4H7L)            |        | 0.002       | 0.000      | 0.043      |             | 0.118  | 0.297f          |
| count_12__NAND4X0P5H7L_A_Y_OR4X1P4H7L_C_Y (net)                   | 1      |             |            |            | 0.000       |        |                 |
| count_12__NAND4X0P5H7L_A_Y_OR4X1P4H7L_C_Y_BUFX7H7L_A:A (BUFX7H7L) |        | 0.002       | 0.000      | 0.043      |             | 0.000  | 0.297f          |
| count_12__NAND4X0P5H7L_A_Y_OR4X1P4H7L_C_Y_BUFX7H7L_A:Y (BUFX7H7L) |        | 0.010       | 0.000      | 0.024      |             | 0.048  | 0.345f          |
| count_16__reg_p_D_NOR2X3H7L_Y_B_XNOR2X3H7L_Y_B (net)              | 12     |             |            |            | 0.000       |        |                 |
| count_19__reg_p_D_AOI21X1P4H7L_Y_A1_OR3X1H7L_Y:C (OR3X1H7L)       |        | 0.001       | 0.000      | 0.024      |             | 0.000  | 0.345f          |
| count_19__reg_p_D_AOI21X1P4H7L_Y_A1_OR3X1H7L_Y:Y (OR3X1H7L)       |        | 0.001       | 0.000      | 0.028      |             | 0.066  | 0.412f          |
| count_19__reg_p_D_AOI21X1P4H7L_Y_A1 (net)                         | 1      |             |            |            | 0.000       |        |                 |
| count_19__reg_p_D_AOI21X1P4H7L_Y:A1 (AOI21X1P4H7L)                |        | 0.001       | 0.000      | 0.028      |             | 0.000  | 0.412f          |
| count_19__reg_p_D_AOI21X1P4H7L_Y:Y (AOI21X1P4H7L)                 |        | 0.001       | 0.000      | 0.042      |             | 0.033  | 0.445r          |
| count_19__reg_p_D (net)                                           | 1      |             |            |            | 0.000       |        |                 |
| count_19__reg_p:D (DFFQX1H7L)                                     |        | 0.001       | 0.000      | 0.042      |             | 0.000  | 0.445r          |
|                                                                   |        |             |            |            |             |        |                 |
| clk (port)                                                        |        | 0.038       | 0.000      | 0.000      |             | 0.000  | 0.000r          |
| clk (clock net)                                                   | 48     |             |            |            | NA          |        |                 |
| count_19__reg_p:CK (DFFQX1H7L)                                    |        | 0.001       | 0.000      | 0.000      |             | 0.000  | 0.000r          |
| clock core_clock (rise edge)                                      |        |             |            |            |             | 2      | 2               |
| clock network delay (ideal)                                       |        |             |            |            |             | 0.000  | 2.000           |
| count_19__reg_p:CK (DFFQX1H7L)                                    |        |             |            |            |             |        | 2.000r          |
| library setup time                                                |        |             |            |            |             | -0.027 | 1.973           |
| clock reconvergence pessimism                                     |        |             |            |            |             | 0.000  | 1.973           |
|                                                                   |        |             |            |            |             |        |                 |
| path cell delay                                                   |        |             |            |            |             |        | 0.445(100.000%) |
| path net delay                                                    |        |             |            |            |             |        | 0.000(0.000%)   |
|                                                                   |        |             |            |            |             |        |                 |
| data require time                                                 |        |             |            |            |             |        | 1.973           |
| data arrival time                                                 |        |             |            |            |             |        | 0.445           |
| slack (MET)                                                       |        |             |            |            |             |        | 1.528           |
+-------------------------------------------------------------------+--------+-------------+------------+------------+-------------+--------+-----------------+
+--------------------------------------------------------------------+--------+-------------+------------+------------+-------------+--------+-----------------+
| Point                                                              | Fanout | Capacitance | Resistance | Transition | Delta Delay | Incr   | Path            |
+--------------------------------------------------------------------+--------+-------------+------------+------------+-------------+--------+-----------------+
| clk (port)                                                         |        | 0.048       | 0.000      | 0.000      |             | 0.000  | 0.000r          |
| clk (clock net)                                                    | 48     |             |            |            | NA          |        |                 |
| count_1__reg_p:CK (DFFQX1H7L)                                      |        | 0.001       | 0.000      | 0.000      |             | 0.000  | 0.000r          |
| clock core_clock (rise edge)                                       |        |             |            |            |             | 0      | 0               |
| clock network delay (ideal)                                        |        |             |            |            |             | 0.000  | 0.000           |
| count_1__reg_p:CK (DFFQX1H7L)                                      |        | 0.001       | 0.000      | 0.000      |             | 0.000  | 0.000r          |
| count_1__reg_p:Q (DFFQX1H7L)                                       |        | 0.008       | 0.000      | 0.087      |             | 0.123  | 0.123r          |
| count_1_ (net)                                                     | 6      |             |            |            | 0.000       |        |                 |
| count_3__NAND4X6H7L_D:A (NAND4X6H7L)                               |        | 0.003       | 0.000      | 0.087      |             | 0.000  | 0.123r          |
| count_3__NAND4X6H7L_D:Y (NAND4X6H7L)                               |        | 0.006       | 0.000      | 0.062      |             | 0.055  | 0.179f          |
| count_3__NAND4X6H7L_D_Y (net)                                      | 8      |             |            |            | 0.000       |        |                 |
| count_12__NAND4X0P5H7L_A_Y_OR4X1P4H7L_C:A (OR4X1P4H7L)             |        | 0.001       | 0.000      | 0.062      |             | 0.000  | 0.179f          |
| count_12__NAND4X0P5H7L_A_Y_OR4X1P4H7L_C:Y (OR4X1P4H7L)             |        | 0.002       | 0.000      | 0.043      |             | 0.118  | 0.297f          |
| count_12__NAND4X0P5H7L_A_Y_OR4X1P4H7L_C_Y (net)                    | 1      |             |            |            | 0.000       |        |                 |
| count_12__NAND4X0P5H7L_A_Y_OR4X1P4H7L_C_Y_BUFX7H7L_A:A (BUFX7H7L)  |        | 0.002       | 0.000      | 0.043      |             | 0.000  | 0.297f          |
| count_12__NAND4X0P5H7L_A_Y_OR4X1P4H7L_C_Y_BUFX7H7L_A:Y (BUFX7H7L)  |        | 0.010       | 0.000      | 0.024      |             | 0.048  | 0.345f          |
| count_16__reg_p_D_NOR2X3H7L_Y_B_XNOR2X3H7L_Y_B (net)               | 12     |             |            |            | 0.000       |        |                 |
| count_18__reg_p_D_AOI2XB1X1H7L_Y_A1N_NOR3X1P4H7L_Y:C (NOR3X1P4H7L) |        | 0.001       | 0.000      | 0.024      |             | 0.000  | 0.345f          |
| count_18__reg_p_D_AOI2XB1X1H7L_Y_A1N_NOR3X1P4H7L_Y:Y (NOR3X1P4H7L) |        | 0.001       | 0.000      | 0.052      |             | 0.039  | 0.385r          |
| count_18__reg_p_D_AOI2XB1X1H7L_Y_A1N (net)                         | 1      |             |            |            | 0.000       |        |                 |
| count_18__reg_p_D_AOI2XB1X1H7L_Y:A1N (AOI2XB1X1H7L)                |        | 0.001       | 0.000      | 0.052      |             | 0.000  | 0.385r          |
| count_18__reg_p_D_AOI2XB1X1H7L_Y:Y (AOI2XB1X1H7L)                  |        | 0.001       | 0.000      | 0.046      |             | 0.053  | 0.438r          |
| count_18__reg_p_D (net)                                            | 1      |             |            |            | 0.000       |        |                 |
| count_18__reg_p:D (DFFQX1H7L)                                      |        | 0.001       | 0.000      | 0.046      |             | 0.000  | 0.438r          |
|                                                                    |        |             |            |            |             |        |                 |
| clk (port)                                                         |        | 0.038       | 0.000      | 0.000      |             | 0.000  | 0.000r          |
| clk (clock net)                                                    | 48     |             |            |            | NA          |        |                 |
| count_18__reg_p:CK (DFFQX1H7L)                                     |        | 0.001       | 0.000      | 0.000      |             | 0.000  | 0.000r          |
| clock core_clock (rise edge)                                       |        |             |            |            |             | 2      | 2               |
| clock network delay (ideal)                                        |        |             |            |            |             | 0.000  | 2.000           |
| count_18__reg_p:CK (DFFQX1H7L)                                     |        |             |            |            |             |        | 2.000r          |
| library setup time                                                 |        |             |            |            |             | -0.027 | 1.973           |
| clock reconvergence pessimism                                      |        |             |            |            |             | 0.000  | 1.973           |
|                                                                    |        |             |            |            |             |        |                 |
| path cell delay                                                    |        |             |            |            |             |        | 0.438(100.000%) |
| path net delay                                                     |        |             |            |            |             |        | 0.000(0.000%)   |
|                                                                    |        |             |            |            |             |        |                 |
| data require time                                                  |        |             |            |            |             |        | 1.973           |
| data arrival time                                                  |        |             |            |            |             |        | 0.438           |
| slack (MET)                                                        |        |             |            |            |             |        | 1.535           |
+--------------------------------------------------------------------+--------+-------------+------------+------------+-------------+--------+-----------------+
+--------------------------------------------------------------------+--------+-------------+------------+------------+-------------+--------+-----------------+
| Point                                                              | Fanout | Capacitance | Resistance | Transition | Delta Delay | Incr   | Path            |
+--------------------------------------------------------------------+--------+-------------+------------+------------+-------------+--------+-----------------+
| clk (port)                                                         |        | 0.048       | 0.000      | 0.000      |             | 0.000  | 0.000r          |
| clk (clock net)                                                    | 48     |             |            |            | NA          |        |                 |
| count_1__reg_p:CK (DFFQX1H7L)                                      |        | 0.001       | 0.000      | 0.000      |             | 0.000  | 0.000r          |
| clock core_clock (rise edge)                                       |        |             |            |            |             | 0      | 0               |
| clock network delay (ideal)                                        |        |             |            |            |             | 0.000  | 0.000           |
| count_1__reg_p:CK (DFFQX1H7L)                                      |        | 0.001       | 0.000      | 0.000      |             | 0.000  | 0.000r          |
| count_1__reg_p:Q (DFFQX1H7L)                                       |        | 0.008       | 0.000      | 0.087      |             | 0.123  | 0.123r          |
| count_1_ (net)                                                     | 6      |             |            |            | 0.000       |        |                 |
| count_3__NAND4X6H7L_D:A (NAND4X6H7L)                               |        | 0.003       | 0.000      | 0.087      |             | 0.000  | 0.123r          |
| count_3__NAND4X6H7L_D:Y (NAND4X6H7L)                               |        | 0.006       | 0.000      | 0.062      |             | 0.055  | 0.179f          |
| count_3__NAND4X6H7L_D_Y (net)                                      | 8      |             |            |            | 0.000       |        |                 |
| count_12__NAND4X0P5H7L_A_Y_OR4X1P4H7L_C:A (OR4X1P4H7L)             |        | 0.001       | 0.000      | 0.062      |             | 0.000  | 0.179f          |
| count_12__NAND4X0P5H7L_A_Y_OR4X1P4H7L_C:Y (OR4X1P4H7L)             |        | 0.002       | 0.000      | 0.043      |             | 0.118  | 0.297f          |
| count_12__NAND4X0P5H7L_A_Y_OR4X1P4H7L_C_Y (net)                    | 1      |             |            |            | 0.000       |        |                 |
| count_12__NAND4X0P5H7L_A_Y_OR4X1P4H7L_C_Y_BUFX7H7L_A:A (BUFX7H7L)  |        | 0.002       | 0.000      | 0.043      |             | 0.000  | 0.297f          |
| count_12__NAND4X0P5H7L_A_Y_OR4X1P4H7L_C_Y_BUFX7H7L_A:Y (BUFX7H7L)  |        | 0.010       | 0.000      | 0.024      |             | 0.048  | 0.345f          |
| count_16__reg_p_D_NOR2X3H7L_Y_B_XNOR2X3H7L_Y_B (net)               | 12     |             |            |            | 0.000       |        |                 |
| count_17__reg_p_D_AOI2XB1X1H7L_Y_A1N_NOR3X1P4H7L_Y:C (NOR3X1P4H7L) |        | 0.001       | 0.000      | 0.024      |             | 0.000  | 0.345f          |
| count_17__reg_p_D_AOI2XB1X1H7L_Y_A1N_NOR3X1P4H7L_Y:Y (NOR3X1P4H7L) |        | 0.001       | 0.000      | 0.052      |             | 0.039  | 0.385r          |
| count_17__reg_p_D_AOI2XB1X1H7L_Y_A1N (net)                         | 1      |             |            |            | 0.000       |        |                 |
| count_17__reg_p_D_AOI2XB1X1H7L_Y:A1N (AOI2XB1X1H7L)                |        | 0.001       | 0.000      | 0.052      |             | 0.000  | 0.385r          |
| count_17__reg_p_D_AOI2XB1X1H7L_Y:Y (AOI2XB1X1H7L)                  |        | 0.001       | 0.000      | 0.046      |             | 0.053  | 0.438r          |
| count_17__reg_p_D (net)                                            | 1      |             |            |            | 0.000       |        |                 |
| count_17__reg_p:D (DFFQX1H7L)                                      |        | 0.001       | 0.000      | 0.046      |             | 0.000  | 0.438r          |
|                                                                    |        |             |            |            |             |        |                 |
| clk (port)                                                         |        | 0.038       | 0.000      | 0.000      |             | 0.000  | 0.000r          |
| clk (clock net)                                                    | 48     |             |            |            | NA          |        |                 |
| count_17__reg_p:CK (DFFQX1H7L)                                     |        | 0.001       | 0.000      | 0.000      |             | 0.000  | 0.000r          |
| clock core_clock (rise edge)                                       |        |             |            |            |             | 2      | 2               |
| clock network delay (ideal)                                        |        |             |            |            |             | 0.000  | 2.000           |
| count_17__reg_p:CK (DFFQX1H7L)                                     |        |             |            |            |             |        | 2.000r          |
| library setup time                                                 |        |             |            |            |             | -0.027 | 1.973           |
| clock reconvergence pessimism                                      |        |             |            |            |             | 0.000  | 1.973           |
|                                                                    |        |             |            |            |             |        |                 |
| path cell delay                                                    |        |             |            |            |             |        | 0.438(100.000%) |
| path net delay                                                     |        |             |            |            |             |        | 0.000(0.000%)   |
|                                                                    |        |             |            |            |             |        |                 |
| data require time                                                  |        |             |            |            |             |        | 1.973           |
| data arrival time                                                  |        |             |            |            |             |        | 0.438           |
| slack (MET)                                                        |        |             |            |            |             |        | 1.535           |
+--------------------------------------------------------------------+--------+-------------+------------+------------+-------------+--------+-----------------+
+--------------------------------------------------------------------+--------+-------------+------------+------------+-------------+--------+-----------------+
| Point                                                              | Fanout | Capacitance | Resistance | Transition | Delta Delay | Incr   | Path            |
+--------------------------------------------------------------------+--------+-------------+------------+------------+-------------+--------+-----------------+
| clk (port)                                                         |        | 0.038       | 0.000      | 0.000      |             | 0.000  | 0.000r          |
| clk (clock net)                                                    | 48     |             |            |            | NA          |        |                 |
| count_21__reg_p:CK (DFFQX1H7L)                                     |        | 0.001       | 0.000      | 0.000      |             | 0.000  | 0.000r          |
| clock core_clock (rise edge)                                       |        |             |            |            |             | 0      | 0               |
| clock network delay (ideal)                                        |        |             |            |            |             | 0.000  | 0.000           |
| count_21__reg_p:CK (DFFQX1H7L)                                     |        | 0.001       | 0.000      | 0.000      |             | 0.000  | 0.000r          |
| count_21__reg_p:Q (DFFQX1H7L)                                      |        | 0.002       | 0.000      | 0.033      |             | 0.070  | 0.070f          |
| count_21_ (net)                                                    | 4      |             |            |            | 0.000       |        |                 |
| count_21__reg_p_D_AOI21X2H7L_Y_A0_OAI21X0P5H7L_Y:B0 (OAI21X0P5H7L) |        | 0.001       | 0.000      | 0.033      |             | 0.000  | 0.070f          |
| count_21__reg_p_D_AOI21X2H7L_Y_A0_OAI21X0P5H7L_Y:Y (OAI21X0P5H7L)  |        | 0.001       | 0.000      | 0.025      |             | 0.025  | 0.095r          |
| count_21__reg_p_D_AOI21X2H7L_Y_A0 (net)                            | 1      |             |            |            | 0.000       |        |                 |
| count_21__reg_p_D_AOI21X2H7L_Y:A0 (AOI21X2H7L)                     |        | 0.001       | 0.000      | 0.025      |             | 0.000  | 0.095r          |
| count_21__reg_p_D_AOI21X2H7L_Y:Y (AOI21X2H7L)                      |        | 0.001       | 0.000      | 0.018      |             | 0.019  | 0.114f          |
| count_21__reg_p_D (net)                                            | 1      |             |            |            | 0.000       |        |                 |
| count_21__reg_p:D (DFFQX1H7L)                                      |        | 0.001       | 0.000      | 0.018      |             | 0.000  | 0.114f          |
|                                                                    |        |             |            |            |             |        |                 |
| clk (port)                                                         |        | 0.048       | 0.000      | 0.000      |             | 0.000  | 0.000r          |
| clk (clock net)                                                    | 48     |             |            |            | NA          |        |                 |
| count_21__reg_p:CK (DFFQX1H7L)                                     |        | 0.001       | 0.000      | 0.000      |             | 0.000  | 0.000r          |
| clock core_clock (rise edge)                                       |        |             |            |            |             | 0      | 0               |
| clock network delay (ideal)                                        |        |             |            |            |             | 0.000  | 0.000           |
| count_21__reg_p:CK (DFFQX1H7L)                                     |        |             |            |            |             |        | 0.000r          |
| library hold time                                                  |        |             |            |            |             | -0.008 | -0.008          |
| clock reconvergence pessimism                                      |        |             |            |            |             | -0.000 | -0.008          |
|                                                                    |        |             |            |            |             |        |                 |
| path cell delay                                                    |        |             |            |            |             |        | 0.114(100.000%) |
| path net delay                                                     |        |             |            |            |             |        | 0.000(0.000%)   |
|                                                                    |        |             |            |            |             |        |                 |
| data require time                                                  |        |             |            |            |             |        | -0.008          |
| data arrival time                                                  |        |             |            |            |             |        | 0.114           |
| slack (MET)                                                        |        |             |            |            |             |        | 0.122           |
+--------------------------------------------------------------------+--------+-------------+------------+------------+-------------+--------+-----------------+
+--------------------------------------------------------------------+--------+-------------+------------+------------+-------------+--------+-----------------+
| Point                                                              | Fanout | Capacitance | Resistance | Transition | Delta Delay | Incr   | Path            |
+--------------------------------------------------------------------+--------+-------------+------------+------------+-------------+--------+-----------------+
| clk (port)                                                         |        | 0.038       | 0.000      | 0.000      |             | 0.000  | 0.000r          |
| clk (clock net)                                                    | 48     |             |            |            | NA          |        |                 |
| count_20__reg_p:CK (DFFQX1H7L)                                     |        | 0.001       | 0.000      | 0.000      |             | 0.000  | 0.000r          |
| clock core_clock (rise edge)                                       |        |             |            |            |             | 0      | 0               |
| clock network delay (ideal)                                        |        |             |            |            |             | 0.000  | 0.000           |
| count_20__reg_p:CK (DFFQX1H7L)                                     |        | 0.001       | 0.000      | 0.000      |             | 0.000  | 0.000r          |
| count_20__reg_p:Q (DFFQX1H7L)                                      |        | 0.002       | 0.000      | 0.033      |             | 0.070  | 0.070f          |
| count_20_ (net)                                                    | 4      |             |            |            | 0.000       |        |                 |
| count_20__reg_p_D_AOI21X2H7L_Y_A0_OAI21X0P5H7L_Y:B0 (OAI21X0P5H7L) |        | 0.001       | 0.000      | 0.033      |             | 0.000  | 0.070f          |
| count_20__reg_p_D_AOI21X2H7L_Y_A0_OAI21X0P5H7L_Y:Y (OAI21X0P5H7L)  |        | 0.001       | 0.000      | 0.025      |             | 0.025  | 0.095r          |
| count_20__reg_p_D_AOI21X2H7L_Y_A0 (net)                            | 1      |             |            |            | 0.000       |        |                 |
| count_20__reg_p_D_AOI21X2H7L_Y:A0 (AOI21X2H7L)                     |        | 0.001       | 0.000      | 0.025      |             | 0.000  | 0.095r          |
| count_20__reg_p_D_AOI21X2H7L_Y:Y (AOI21X2H7L)                      |        | 0.001       | 0.000      | 0.018      |             | 0.019  | 0.114f          |
| count_20__reg_p_D (net)                                            | 1      |             |            |            | 0.000       |        |                 |
| count_20__reg_p:D (DFFQX1H7L)                                      |        | 0.001       | 0.000      | 0.018      |             | 0.000  | 0.114f          |
|                                                                    |        |             |            |            |             |        |                 |
| clk (port)                                                         |        | 0.048       | 0.000      | 0.000      |             | 0.000  | 0.000r          |
| clk (clock net)                                                    | 48     |             |            |            | NA          |        |                 |
| count_20__reg_p:CK (DFFQX1H7L)                                     |        | 0.001       | 0.000      | 0.000      |             | 0.000  | 0.000r          |
| clock core_clock (rise edge)                                       |        |             |            |            |             | 0      | 0               |
| clock network delay (ideal)                                        |        |             |            |            |             | 0.000  | 0.000           |
| count_20__reg_p:CK (DFFQX1H7L)                                     |        |             |            |            |             |        | 0.000r          |
| library hold time                                                  |        |             |            |            |             | -0.008 | -0.008          |
| clock reconvergence pessimism                                      |        |             |            |            |             | -0.000 | -0.008          |
|                                                                    |        |             |            |            |             |        |                 |
| path cell delay                                                    |        |             |            |            |             |        | 0.114(100.000%) |
| path net delay                                                     |        |             |            |            |             |        | 0.000(0.000%)   |
|                                                                    |        |             |            |            |             |        |                 |
| data require time                                                  |        |             |            |            |             |        | -0.008          |
| data arrival time                                                  |        |             |            |            |             |        | 0.114           |
| slack (MET)                                                        |        |             |            |            |             |        | 0.122           |
+--------------------------------------------------------------------+--------+-------------+------------+------------+-------------+--------+-----------------+
+----------------------------------------------------------------------+--------+-------------+------------+------------+-------------+--------+-----------------+
| Point                                                                | Fanout | Capacitance | Resistance | Transition | Delta Delay | Incr   | Path            |
+----------------------------------------------------------------------+--------+-------------+------------+------------+-------------+--------+-----------------+
| clk (port)                                                           |        | 0.038       | 0.000      | 0.000      |             | 0.000  | 0.000r          |
| clk (clock net)                                                      | 48     |             |            |            | NA          |        |                 |
| count_19__reg_p:CK (DFFQX1H7L)                                       |        | 0.001       | 0.000      | 0.000      |             | 0.000  | 0.000r          |
| clock core_clock (rise edge)                                         |        |             |            |            |             | 0      | 0               |
| clock network delay (ideal)                                          |        |             |            |            |             | 0.000  | 0.000           |
| count_19__reg_p:CK (DFFQX1H7L)                                       |        | 0.001       | 0.000      | 0.000      |             | 0.000  | 0.000r          |
| count_19__reg_p:Q (DFFQX1H7L)                                        |        | 0.003       | 0.000      | 0.036      |             | 0.073  | 0.073f          |
| count_19_ (net)                                                      | 5      |             |            |            | 0.000       |        |                 |
| count_19__reg_p_D_AOI21X1P4H7L_Y_A0_OAI21X0P5H7L_Y:B0 (OAI21X0P5H7L) |        | 0.001       | 0.000      | 0.036      |             | 0.000  | 0.073f          |
| count_19__reg_p_D_AOI21X1P4H7L_Y_A0_OAI21X0P5H7L_Y:Y (OAI21X0P5H7L)  |        | 0.001       | 0.000      | 0.025      |             | 0.025  | 0.098r          |
| count_19__reg_p_D_AOI21X1P4H7L_Y_A0 (net)                            | 1      |             |            |            | 0.000       |        |                 |
| count_19__reg_p_D_AOI21X1P4H7L_Y:A0 (AOI21X1P4H7L)                   |        | 0.001       | 0.000      | 0.025      |             | 0.000  | 0.098r          |
| count_19__reg_p_D_AOI21X1P4H7L_Y:Y (AOI21X1P4H7L)                    |        | 0.001       | 0.000      | 0.020      |             | 0.021  | 0.119f          |
| count_19__reg_p_D (net)                                              | 1      |             |            |            | 0.000       |        |                 |
| count_19__reg_p:D (DFFQX1H7L)                                        |        | 0.001       | 0.000      | 0.020      |             | 0.000  | 0.119f          |
|                                                                      |        |             |            |            |             |        |                 |
| clk (port)                                                           |        | 0.048       | 0.000      | 0.000      |             | 0.000  | 0.000r          |
| clk (clock net)                                                      | 48     |             |            |            | NA          |        |                 |
| count_19__reg_p:CK (DFFQX1H7L)                                       |        | 0.001       | 0.000      | 0.000      |             | 0.000  | 0.000r          |
| clock core_clock (rise edge)                                         |        |             |            |            |             | 0      | 0               |
| clock network delay (ideal)                                          |        |             |            |            |             | 0.000  | 0.000           |
| count_19__reg_p:CK (DFFQX1H7L)                                       |        |             |            |            |             |        | 0.000r          |
| library hold time                                                    |        |             |            |            |             | -0.008 | -0.008          |
| clock reconvergence pessimism                                        |        |             |            |            |             | -0.000 | -0.008          |
|                                                                      |        |             |            |            |             |        |                 |
| path cell delay                                                      |        |             |            |            |             |        | 0.119(100.000%) |
| path net delay                                                       |        |             |            |            |             |        | 0.000(0.000%)   |
|                                                                      |        |             |            |            |             |        |                 |
| data require time                                                    |        |             |            |            |             |        | -0.008          |
| data arrival time                                                    |        |             |            |            |             |        | 0.119           |
| slack (MET)                                                          |        |             |            |            |             |        | 0.127           |
+----------------------------------------------------------------------+--------+-------------+------------+------------+-------------+--------+-----------------+
+---------------------------------------------------------------+--------+-------------+------------+------------+-------------+--------+-----------------+
| Point                                                         | Fanout | Capacitance | Resistance | Transition | Delta Delay | Incr   | Path            |
+---------------------------------------------------------------+--------+-------------+------------+------------+-------------+--------+-----------------+
| clk (port)                                                    |        | 0.038       | 0.000      | 0.000      |             | 0.000  | 0.000r          |
| clk (clock net)                                               | 48     |             |            |            | NA          |        |                 |
| led[15]_reg_p:CK (DFFQX1H7L)                                  |        | 0.001       | 0.000      | 0.000      |             | 0.000  | 0.000r          |
| clock core_clock (rise edge)                                  |        |             |            |            |             | 0      | 0               |
| clock network delay (ideal)                                   |        |             |            |            |             | 0.000  | 0.000           |
| led[15]_reg_p:CK (DFFQX1H7L)                                  |        | 0.001       | 0.000      | 0.000      |             | 0.000  | 0.000r          |
| led[15]_reg_p:Q (DFFQX1H7L)                                   |        | 0.001       | 0.000      | 0.025      |             | 0.063  | 0.063f          |
| led_15_ (net)                                                 | 3      |             |            |            | 0.000       |        |                 |
| led[0]_reg_p_D_MUXI2X0P5H7L_Y_B_NOR2X0P5H7L_Y:A (NOR2X0P5H7L) |        | 0.001       | 0.000      | 0.025      |             | 0.000  | 0.063f          |
| led[0]_reg_p_D_MUXI2X0P5H7L_Y_B_NOR2X0P5H7L_Y:Y (NOR2X0P5H7L) |        | 0.001       | 0.000      | 0.035      |             | 0.032  | 0.094r          |
| led[0]_reg_p_D_MUXI2X0P5H7L_Y_B (net)                         | 1      |             |            |            | 0.000       |        |                 |
| led[0]_reg_p_D_MUXI2X0P5H7L_Y:B (MUXI2X0P5H7L)                |        | 0.001       | 0.000      | 0.035      |             | 0.000  | 0.094r          |
| led[0]_reg_p_D_MUXI2X0P5H7L_Y:Y (MUXI2X0P5H7L)                |        | 0.001       | 0.000      | 0.028      |             | 0.027  | 0.121f          |
| led[0]_reg_p_D (net)                                          | 1      |             |            |            | 0.000       |        |                 |
| led[0]_reg_p:D (DFFQX1H7L)                                    |        | 0.001       | 0.000      | 0.028      |             | 0.000  | 0.121f          |
|                                                               |        |             |            |            |             |        |                 |
| clk (port)                                                    |        | 0.048       | 0.000      | 0.000      |             | 0.000  | 0.000r          |
| clk (clock net)                                               | 48     |             |            |            | NA          |        |                 |
| led[0]_reg_p:CK (DFFQX1H7L)                                   |        | 0.001       | 0.000      | 0.000      |             | 0.000  | 0.000r          |
| clock core_clock (rise edge)                                  |        |             |            |            |             | 0      | 0               |
| clock network delay (ideal)                                   |        |             |            |            |             | 0.000  | 0.000           |
| led[0]_reg_p:CK (DFFQX1H7L)                                   |        |             |            |            |             |        | 0.000r          |
| library hold time                                             |        |             |            |            |             | -0.009 | -0.009          |
| clock reconvergence pessimism                                 |        |             |            |            |             | -0.000 | -0.009          |
|                                                               |        |             |            |            |             |        |                 |
| path cell delay                                               |        |             |            |            |             |        | 0.121(100.000%) |
| path net delay                                                |        |             |            |            |             |        | 0.000(0.000%)   |
|                                                               |        |             |            |            |             |        |                 |
| data require time                                             |        |             |            |            |             |        | -0.009          |
| data arrival time                                             |        |             |            |            |             |        | 0.121           |
| slack (MET)                                                   |        |             |            |            |             |        | 0.130           |
+---------------------------------------------------------------+--------+-------------+------------+------------+-------------+--------+-----------------+
+--------------------------------------------------------------------------+--------+-------------+------------+------------+-------------+--------+-----------------+
| Point                                                                    | Fanout | Capacitance | Resistance | Transition | Delta Delay | Incr   | Path            |
+--------------------------------------------------------------------------+--------+-------------+------------+------------+-------------+--------+-----------------+
| clk (port)                                                               |        | 0.038       | 0.000      | 0.000      |             | 0.000  | 0.000r          |
| clk (clock net)                                                          | 48     |             |            |            | NA          |        |                 |
| count_15__reg_p:CK (DFFQX1H7L)                                           |        | 0.001       | 0.000      | 0.000      |             | 0.000  | 0.000r          |
| clock core_clock (rise edge)                                             |        |             |            |            |             | 0      | 0               |
| clock network delay (ideal)                                              |        |             |            |            |             | 0.000  | 0.000           |
| count_15__reg_p:CK (DFFQX1H7L)                                           |        | 0.001       | 0.000      | 0.000      |             | 0.000  | 0.000r          |
| count_15__reg_p:Q (DFFQX1H7L)                                            |        | 0.003       | 0.000      | 0.037      |             | 0.073  | 0.073f          |
| count_15_ (net)                                                          | 5      |             |            |            | 0.000       |        |                 |
| count_15__reg_p_D_AOI21X0P5H7L_Y_A0_OAI2BB1X0P5H7L_Y:B0 (OAI2BB1X0P5H7L) |        | 0.001       | 0.000      | 0.037      |             | 0.000  | 0.073f          |
| count_15__reg_p_D_AOI21X0P5H7L_Y_A0_OAI2BB1X0P5H7L_Y:Y (OAI2BB1X0P5H7L)  |        | 0.001       | 0.000      | 0.023      |             | 0.024  | 0.097r          |
| count_15__reg_p_D_AOI21X0P5H7L_Y_A0 (net)                                | 1      |             |            |            | 0.000       |        |                 |
| count_15__reg_p_D_AOI21X0P5H7L_Y:A0 (AOI21X0P5H7L)                       |        | 0.001       | 0.000      | 0.023      |             | 0.000  | 0.097r          |
| count_15__reg_p_D_AOI21X0P5H7L_Y:Y (AOI21X0P5H7L)                        |        | 0.001       | 0.000      | 0.027      |             | 0.025  | 0.122f          |
| count_15__reg_p_D (net)                                                  | 1      |             |            |            | 0.000       |        |                 |
| count_15__reg_p:D (DFFQX1H7L)                                            |        | 0.001       | 0.000      | 0.027      |             | 0.000  | 0.122f          |
|                                                                          |        |             |            |            |             |        |                 |
| clk (port)                                                               |        | 0.048       | 0.000      | 0.000      |             | 0.000  | 0.000r          |
| clk (clock net)                                                          | 48     |             |            |            | NA          |        |                 |
| count_15__reg_p:CK (DFFQX1H7L)                                           |        | 0.001       | 0.000      | 0.000      |             | 0.000  | 0.000r          |
| clock core_clock (rise edge)                                             |        |             |            |            |             | 0      | 0               |
| clock network delay (ideal)                                              |        |             |            |            |             | 0.000  | 0.000           |
| count_15__reg_p:CK (DFFQX1H7L)                                           |        |             |            |            |             |        | 0.000r          |
| library hold time                                                        |        |             |            |            |             | -0.008 | -0.008          |
| clock reconvergence pessimism                                            |        |             |            |            |             | -0.000 | -0.008          |
|                                                                          |        |             |            |            |             |        |                 |
| path cell delay                                                          |        |             |            |            |             |        | 0.122(100.000%) |
| path net delay                                                           |        |             |            |            |             |        | 0.000(0.000%)   |
|                                                                          |        |             |            |            |             |        |                 |
| data require time                                                        |        |             |            |            |             |        | -0.008          |
| data arrival time                                                        |        |             |            |            |             |        | 0.122           |
| slack (MET)                                                              |        |             |            |            |             |        | 0.130           |
+--------------------------------------------------------------------------+--------+-------------+------------+------------+-------------+--------+-----------------+
