Generate the report at 2026-07-26T20:34:38, GitVersion: aa25008b3778a76ae1975c839d4cc459f7f7b3b7.
+-------------------+-------------+------------+------------+---------------+-------+-------+-----------+
| Endpoint          | Clock Group | Delay Type | Path Delay | Path Required | CPPR  | Slack | Freq(MHz) |
+-------------------+-------------+------------+------------+---------------+-------+-------+-----------+
| count_20__reg_p:D | core_clock  | max        | 0.815r     | 1.948         | 0.000 | 1.133 | 1152.880  |
| count_21__reg_p:D | core_clock  | max        | 0.814r     | 1.948         | 0.000 | 1.133 | 1153.695  |
| count_19__reg_p:D | core_clock  | max        | 0.808r     | 1.946         | 0.000 | 1.138 | 1160.613  |
| count_18__reg_p:D | core_clock  | max        | 0.790r     | 1.944         | 0.000 | 1.155 | 1182.998  |
| count_17__reg_p:D | core_clock  | max        | 0.790r     | 1.944         | 0.000 | 1.155 | 1183.092  |
| count_21__reg_p:D | core_clock  | min        | 0.203f     | -0.013        | 0.000 | 0.215 | NA        |
| count_20__reg_p:D | core_clock  | min        | 0.203f     | -0.013        | 0.000 | 0.216 | NA        |
| count_19__reg_p:D | core_clock  | min        | 0.212f     | -0.013        | 0.000 | 0.226 | NA        |
| count_22__reg_p:D | core_clock  | min        | 0.221f     | -0.014        | 0.000 | 0.235 | NA        |
| led[0]_reg_p:D    | core_clock  | min        | 0.219f     | -0.016        | 0.000 | 0.235 | NA        |
+-------------------+-------------+------------+------------+---------------+-------+-------+-----------+
+------------+------------+-------+
| Clock      | Delay Type | TNS   |
+------------+------------+-------+
| core_clock | max        | 0.000 |
| core_clock | min        | 0.000 |
+------------+------------+-------+
+-----------------------------------------------------------------+--------+-------------+------------+------------+-------------+--------+-----------------+
| Point                                                           | Fanout | Capacitance | Resistance | Transition | Delta Delay | Incr   | Path            |
+-----------------------------------------------------------------+--------+-------------+------------+------------+-------------+--------+-----------------+
| clk (port)                                                      |        | 0.043       | 0.000      | 0.000      |             | 0.000  | 0.000r          |
| clk (clock net)                                                 | 48     |             |            |            | NA          |        |                 |
| count_1__reg_p:CK (DFFQX1H7L)                                   |        | 0.001       | 0.000      | 0.000      |             | 0.000  | 0.000r          |
| clock core_clock (rise edge)                                    |        |             |            |            |             | 0      | 0               |
| clock network delay (ideal)                                     |        |             |            |            |             | 0.000  | 0.000           |
| count_1__reg_p:CK (DFFQX1H7L)                                   |        | 0.001       | 0.000      | 0.000      |             | 0.000  | 0.000r          |
| count_1__reg_p:Q (DFFQX1H7L)                                    |        | 0.007       | 0.000      | 0.133      |             | 0.205  | 0.205r          |
| count_1_ (net)                                                  | 6      |             |            |            | 0.000       |        |                 |
| count_3__NAND4X6H7L_D:A (NAND4X6H7L)                            |        | 0.003       | 0.000      | 0.133      |             | 0.000  | 0.205r          |
| count_3__NAND4X6H7L_D:Y (NAND4X6H7L)                            |        | 0.006       | 0.000      | 0.104      |             | 0.110  | 0.315f          |
| count_3__NAND4X6H7L_D_Y (net)                                   | 8      |             |            |            | 0.000       |        |                 |
| count_12__NAND4X0P5H7L_A_Y_OR4X3H7L_C:A (OR4X3H7L)              |        | 0.001       | 0.000      | 0.104      |             | 0.000  | 0.315f          |
| count_12__NAND4X0P5H7L_A_Y_OR4X3H7L_C:Y (OR4X3H7L)              |        | 0.002       | 0.000      | 0.072      |             | 0.223  | 0.538f          |
| count_12__NAND4X0P5H7L_A_Y_OR4X3H7L_C_Y (net)                   | 1      |             |            |            | 0.000       |        |                 |
| count_12__NAND4X0P5H7L_A_Y_OR4X3H7L_C_Y_BUFX7H7L_A:A (BUFX7H7L) |        | 0.002       | 0.000      | 0.072      |             | 0.000  | 0.538f          |
| count_12__NAND4X0P5H7L_A_Y_OR4X3H7L_C_Y_BUFX7H7L_A:Y (BUFX7H7L) |        | 0.009       | 0.000      | 0.039      |             | 0.085  | 0.623f          |
| count_16__reg_p_D_NOR2X3H7L_Y_B_XNOR2X1P4H7L_Y_B (net)          | 12     |             |            |            | 0.000       |        |                 |
| count_20__reg_p_D_AOI21X2H7L_Y_A1_OR3X1P4H7L_Y:B (OR3X1P4H7L)   |        | 0.001       | 0.000      | 0.039      |             | 0.000  | 0.623f          |
| count_20__reg_p_D_AOI21X2H7L_Y_A1_OR3X1P4H7L_Y:Y (OR3X1P4H7L)   |        | 0.001       | 0.000      | 0.052      |             | 0.137  | 0.760f          |
| count_20__reg_p_D_AOI21X2H7L_Y_A1 (net)                         | 1      |             |            |            | 0.000       |        |                 |
| count_20__reg_p_D_AOI21X2H7L_Y:A1 (AOI21X2H7L)                  |        | 0.001       | 0.000      | 0.052      |             | 0.000  | 0.760f          |
| count_20__reg_p_D_AOI21X2H7L_Y:Y (AOI21X2H7L)                   |        | 0.001       | 0.000      | 0.062      |             | 0.055  | 0.815r          |
| count_20__reg_p_D (net)                                         | 1      |             |            |            | 0.000       |        |                 |
| count_20__reg_p:D (DFFQX1H7L)                                   |        | 0.001       | 0.000      | 0.062      |             | 0.000  | 0.815r          |
|                                                                 |        |             |            |            |             |        |                 |
| clk (port)                                                      |        | 0.032       | 0.000      | 0.000      |             | 0.000  | 0.000r          |
| clk (clock net)                                                 | 48     |             |            |            | NA          |        |                 |
| count_20__reg_p:CK (DFFQX1H7L)                                  |        | 0.001       | 0.000      | 0.000      |             | 0.000  | 0.000r          |
| clock core_clock (rise edge)                                    |        |             |            |            |             | 2      | 2               |
| clock network delay (ideal)                                     |        |             |            |            |             | 0.000  | 2.000           |
| count_20__reg_p:CK (DFFQX1H7L)                                  |        |             |            |            |             |        | 2.000r          |
| library setup time                                              |        |             |            |            |             | -0.052 | 1.948           |
| clock reconvergence pessimism                                   |        |             |            |            |             | 0.000  | 1.948           |
|                                                                 |        |             |            |            |             |        |                 |
| path cell delay                                                 |        |             |            |            |             |        | 0.815(100.000%) |
| path net delay                                                  |        |             |            |            |             |        | 0.000(0.000%)   |
|                                                                 |        |             |            |            |             |        |                 |
| data require time                                               |        |             |            |            |             |        | 1.948           |
| data arrival time                                               |        |             |            |            |             |        | 0.815           |
| slack (MET)                                                     |        |             |            |            |             |        | 1.133           |
+-----------------------------------------------------------------+--------+-------------+------------+------------+-------------+--------+-----------------+
+-----------------------------------------------------------------+--------+-------------+------------+------------+-------------+--------+-----------------+
| Point                                                           | Fanout | Capacitance | Resistance | Transition | Delta Delay | Incr   | Path            |
+-----------------------------------------------------------------+--------+-------------+------------+------------+-------------+--------+-----------------+
| clk (port)                                                      |        | 0.043       | 0.000      | 0.000      |             | 0.000  | 0.000r          |
| clk (clock net)                                                 | 48     |             |            |            | NA          |        |                 |
| count_1__reg_p:CK (DFFQX1H7L)                                   |        | 0.001       | 0.000      | 0.000      |             | 0.000  | 0.000r          |
| clock core_clock (rise edge)                                    |        |             |            |            |             | 0      | 0               |
| clock network delay (ideal)                                     |        |             |            |            |             | 0.000  | 0.000           |
| count_1__reg_p:CK (DFFQX1H7L)                                   |        | 0.001       | 0.000      | 0.000      |             | 0.000  | 0.000r          |
| count_1__reg_p:Q (DFFQX1H7L)                                    |        | 0.007       | 0.000      | 0.133      |             | 0.205  | 0.205r          |
| count_1_ (net)                                                  | 6      |             |            |            | 0.000       |        |                 |
| count_3__NAND4X6H7L_D:A (NAND4X6H7L)                            |        | 0.003       | 0.000      | 0.133      |             | 0.000  | 0.205r          |
| count_3__NAND4X6H7L_D:Y (NAND4X6H7L)                            |        | 0.006       | 0.000      | 0.104      |             | 0.110  | 0.315f          |
| count_3__NAND4X6H7L_D_Y (net)                                   | 8      |             |            |            | 0.000       |        |                 |
| count_12__NAND4X0P5H7L_A_Y_OR4X3H7L_C:A (OR4X3H7L)              |        | 0.001       | 0.000      | 0.104      |             | 0.000  | 0.315f          |
| count_12__NAND4X0P5H7L_A_Y_OR4X3H7L_C:Y (OR4X3H7L)              |        | 0.002       | 0.000      | 0.072      |             | 0.223  | 0.538f          |
| count_12__NAND4X0P5H7L_A_Y_OR4X3H7L_C_Y (net)                   | 1      |             |            |            | 0.000       |        |                 |
| count_12__NAND4X0P5H7L_A_Y_OR4X3H7L_C_Y_BUFX7H7L_A:A (BUFX7H7L) |        | 0.002       | 0.000      | 0.072      |             | 0.000  | 0.538f          |
| count_12__NAND4X0P5H7L_A_Y_OR4X3H7L_C_Y_BUFX7H7L_A:Y (BUFX7H7L) |        | 0.009       | 0.000      | 0.039      |             | 0.085  | 0.623f          |
| count_16__reg_p_D_NOR2X3H7L_Y_B_XNOR2X1P4H7L_Y_B (net)          | 12     |             |            |            | 0.000       |        |                 |
| count_21__reg_p_D_AOI21X2H7L_Y_A1_OR3X1P4H7L_Y:B (OR3X1P4H7L)   |        | 0.001       | 0.000      | 0.039      |             | 0.000  | 0.623f          |
| count_21__reg_p_D_AOI21X2H7L_Y_A1_OR3X1P4H7L_Y:Y (OR3X1P4H7L)   |        | 0.001       | 0.000      | 0.050      |             | 0.137  | 0.760f          |
| count_21__reg_p_D_AOI21X2H7L_Y_A1 (net)                         | 1      |             |            |            | 0.000       |        |                 |
| count_21__reg_p_D_AOI21X2H7L_Y:A1 (AOI21X2H7L)                  |        | 0.001       | 0.000      | 0.050      |             | 0.000  | 0.760f          |
| count_21__reg_p_D_AOI21X2H7L_Y:Y (AOI21X2H7L)                   |        | 0.001       | 0.000      | 0.062      |             | 0.054  | 0.814r          |
| count_21__reg_p_D (net)                                         | 1      |             |            |            | 0.000       |        |                 |
| count_21__reg_p:D (DFFQX1H7L)                                   |        | 0.001       | 0.000      | 0.062      |             | 0.000  | 0.814r          |
|                                                                 |        |             |            |            |             |        |                 |
| clk (port)                                                      |        | 0.032       | 0.000      | 0.000      |             | 0.000  | 0.000r          |
| clk (clock net)                                                 | 48     |             |            |            | NA          |        |                 |
| count_21__reg_p:CK (DFFQX1H7L)                                  |        | 0.001       | 0.000      | 0.000      |             | 0.000  | 0.000r          |
| clock core_clock (rise edge)                                    |        |             |            |            |             | 2      | 2               |
| clock network delay (ideal)                                     |        |             |            |            |             | 0.000  | 2.000           |
| count_21__reg_p:CK (DFFQX1H7L)                                  |        |             |            |            |             |        | 2.000r          |
| library setup time                                              |        |             |            |            |             | -0.052 | 1.948           |
| clock reconvergence pessimism                                   |        |             |            |            |             | 0.000  | 1.948           |
|                                                                 |        |             |            |            |             |        |                 |
| path cell delay                                                 |        |             |            |            |             |        | 0.814(100.000%) |
| path net delay                                                  |        |             |            |            |             |        | 0.000(0.000%)   |
|                                                                 |        |             |            |            |             |        |                 |
| data require time                                               |        |             |            |            |             |        | 1.948           |
| data arrival time                                               |        |             |            |            |             |        | 0.814           |
| slack (MET)                                                     |        |             |            |            |             |        | 1.133           |
+-----------------------------------------------------------------+--------+-------------+------------+------------+-------------+--------+-----------------+
+-----------------------------------------------------------------+--------+-------------+------------+------------+-------------+--------+-----------------+
| Point                                                           | Fanout | Capacitance | Resistance | Transition | Delta Delay | Incr   | Path            |
+-----------------------------------------------------------------+--------+-------------+------------+------------+-------------+--------+-----------------+
| clk (port)                                                      |        | 0.043       | 0.000      | 0.000      |             | 0.000  | 0.000r          |
| clk (clock net)                                                 | 48     |             |            |            | NA          |        |                 |
| count_1__reg_p:CK (DFFQX1H7L)                                   |        | 0.001       | 0.000      | 0.000      |             | 0.000  | 0.000r          |
| clock core_clock (rise edge)                                    |        |             |            |            |             | 0      | 0               |
| clock network delay (ideal)                                     |        |             |            |            |             | 0.000  | 0.000           |
| count_1__reg_p:CK (DFFQX1H7L)                                   |        | 0.001       | 0.000      | 0.000      |             | 0.000  | 0.000r          |
| count_1__reg_p:Q (DFFQX1H7L)                                    |        | 0.007       | 0.000      | 0.133      |             | 0.205  | 0.205r          |
| count_1_ (net)                                                  | 6      |             |            |            | 0.000       |        |                 |
| count_3__NAND4X6H7L_D:A (NAND4X6H7L)                            |        | 0.003       | 0.000      | 0.133      |             | 0.000  | 0.205r          |
| count_3__NAND4X6H7L_D:Y (NAND4X6H7L)                            |        | 0.006       | 0.000      | 0.104      |             | 0.110  | 0.315f          |
| count_3__NAND4X6H7L_D_Y (net)                                   | 8      |             |            |            | 0.000       |        |                 |
| count_12__NAND4X0P5H7L_A_Y_OR4X3H7L_C:A (OR4X3H7L)              |        | 0.001       | 0.000      | 0.104      |             | 0.000  | 0.315f          |
| count_12__NAND4X0P5H7L_A_Y_OR4X3H7L_C:Y (OR4X3H7L)              |        | 0.002       | 0.000      | 0.072      |             | 0.223  | 0.538f          |
| count_12__NAND4X0P5H7L_A_Y_OR4X3H7L_C_Y (net)                   | 1      |             |            |            | 0.000       |        |                 |
| count_12__NAND4X0P5H7L_A_Y_OR4X3H7L_C_Y_BUFX7H7L_A:A (BUFX7H7L) |        | 0.002       | 0.000      | 0.072      |             | 0.000  | 0.538f          |
| count_12__NAND4X0P5H7L_A_Y_OR4X3H7L_C_Y_BUFX7H7L_A:Y (BUFX7H7L) |        | 0.009       | 0.000      | 0.039      |             | 0.085  | 0.623f          |
| count_16__reg_p_D_NOR2X3H7L_Y_B_XNOR2X1P4H7L_Y_B (net)          | 12     |             |            |            | 0.000       |        |                 |
| count_19__reg_p_D_AOI21X1P4H7L_Y_A1_OR3X1P4H7L_Y:C (OR3X1P4H7L) |        | 0.001       | 0.000      | 0.039      |             | 0.000  | 0.623f          |
| count_19__reg_p_D_AOI21X1P4H7L_Y_A1_OR3X1P4H7L_Y:Y (OR3X1P4H7L) |        | 0.001       | 0.000      | 0.048      |             | 0.126  | 0.749f          |
| count_19__reg_p_D_AOI21X1P4H7L_Y_A1 (net)                       | 1      |             |            |            | 0.000       |        |                 |
| count_19__reg_p_D_AOI21X1P4H7L_Y:A1 (AOI21X1P4H7L)              |        | 0.001       | 0.000      | 0.048      |             | 0.000  | 0.749f          |
| count_19__reg_p_D_AOI21X1P4H7L_Y:Y (AOI21X1P4H7L)               |        | 0.001       | 0.000      | 0.067      |             | 0.059  | 0.808r          |
| count_19__reg_p_D (net)                                         | 1      |             |            |            | 0.000       |        |                 |
| count_19__reg_p:D (DFFQX1H7L)                                   |        | 0.001       | 0.000      | 0.067      |             | 0.000  | 0.808r          |
|                                                                 |        |             |            |            |             |        |                 |
| clk (port)                                                      |        | 0.032       | 0.000      | 0.000      |             | 0.000  | 0.000r          |
| clk (clock net)                                                 | 48     |             |            |            | NA          |        |                 |
| count_19__reg_p:CK (DFFQX1H7L)                                  |        | 0.001       | 0.000      | 0.000      |             | 0.000  | 0.000r          |
| clock core_clock (rise edge)                                    |        |             |            |            |             | 2      | 2               |
| clock network delay (ideal)                                     |        |             |            |            |             | 0.000  | 2.000           |
| count_19__reg_p:CK (DFFQX1H7L)                                  |        |             |            |            |             |        | 2.000r          |
| library setup time                                              |        |             |            |            |             | -0.054 | 1.946           |
| clock reconvergence pessimism                                   |        |             |            |            |             | 0.000  | 1.946           |
|                                                                 |        |             |            |            |             |        |                 |
| path cell delay                                                 |        |             |            |            |             |        | 0.808(100.000%) |
| path net delay                                                  |        |             |            |            |             |        | 0.000(0.000%)   |
|                                                                 |        |             |            |            |             |        |                 |
| data require time                                               |        |             |            |            |             |        | 1.946           |
| data arrival time                                               |        |             |            |            |             |        | 0.808           |
| slack (MET)                                                     |        |             |            |            |             |        | 1.138           |
+-----------------------------------------------------------------+--------+-------------+------------+------------+-------------+--------+-----------------+
+--------------------------------------------------------------------+--------+-------------+------------+------------+-------------+--------+-----------------+
| Point                                                              | Fanout | Capacitance | Resistance | Transition | Delta Delay | Incr   | Path            |
+--------------------------------------------------------------------+--------+-------------+------------+------------+-------------+--------+-----------------+
| clk (port)                                                         |        | 0.043       | 0.000      | 0.000      |             | 0.000  | 0.000r          |
| clk (clock net)                                                    | 48     |             |            |            | NA          |        |                 |
| count_1__reg_p:CK (DFFQX1H7L)                                      |        | 0.001       | 0.000      | 0.000      |             | 0.000  | 0.000r          |
| clock core_clock (rise edge)                                       |        |             |            |            |             | 0      | 0               |
| clock network delay (ideal)                                        |        |             |            |            |             | 0.000  | 0.000           |
| count_1__reg_p:CK (DFFQX1H7L)                                      |        | 0.001       | 0.000      | 0.000      |             | 0.000  | 0.000r          |
| count_1__reg_p:Q (DFFQX1H7L)                                       |        | 0.007       | 0.000      | 0.133      |             | 0.205  | 0.205r          |
| count_1_ (net)                                                     | 6      |             |            |            | 0.000       |        |                 |
| count_3__NAND4X6H7L_D:A (NAND4X6H7L)                               |        | 0.003       | 0.000      | 0.133      |             | 0.000  | 0.205r          |
| count_3__NAND4X6H7L_D:Y (NAND4X6H7L)                               |        | 0.006       | 0.000      | 0.104      |             | 0.110  | 0.315f          |
| count_3__NAND4X6H7L_D_Y (net)                                      | 8      |             |            |            | 0.000       |        |                 |
| count_12__NAND4X0P5H7L_A_Y_OR4X3H7L_C:A (OR4X3H7L)                 |        | 0.001       | 0.000      | 0.104      |             | 0.000  | 0.315f          |
| count_12__NAND4X0P5H7L_A_Y_OR4X3H7L_C:Y (OR4X3H7L)                 |        | 0.002       | 0.000      | 0.072      |             | 0.223  | 0.538f          |
| count_12__NAND4X0P5H7L_A_Y_OR4X3H7L_C_Y (net)                      | 1      |             |            |            | 0.000       |        |                 |
| count_12__NAND4X0P5H7L_A_Y_OR4X3H7L_C_Y_BUFX7H7L_A:A (BUFX7H7L)    |        | 0.002       | 0.000      | 0.072      |             | 0.000  | 0.538f          |
| count_12__NAND4X0P5H7L_A_Y_OR4X3H7L_C_Y_BUFX7H7L_A:Y (BUFX7H7L)    |        | 0.009       | 0.000      | 0.039      |             | 0.085  | 0.623f          |
| count_16__reg_p_D_NOR2X3H7L_Y_B_XNOR2X1P4H7L_Y_B (net)             | 12     |             |            |            | 0.000       |        |                 |
| count_18__reg_p_D_AOI2XB1X1H7L_Y_A1N_NOR3X1P4H7L_Y:C (NOR3X1P4H7L) |        | 0.001       | 0.000      | 0.039      |             | 0.000  | 0.623f          |
| count_18__reg_p_D_AOI2XB1X1H7L_Y_A1N_NOR3X1P4H7L_Y:Y (NOR3X1P4H7L) |        | 0.001       | 0.000      | 0.087      |             | 0.068  | 0.691r          |
| count_18__reg_p_D_AOI2XB1X1H7L_Y_A1N (net)                         | 1      |             |            |            | 0.000       |        |                 |
| count_18__reg_p_D_AOI2XB1X1H7L_Y:A1N (AOI2XB1X1H7L)                |        | 0.001       | 0.000      | 0.087      |             | 0.000  | 0.691r          |
| count_18__reg_p_D_AOI2XB1X1H7L_Y:Y (AOI2XB1X1H7L)                  |        | 0.001       | 0.000      | 0.073      |             | 0.098  | 0.790r          |
| count_18__reg_p_D (net)                                            | 1      |             |            |            | 0.000       |        |                 |
| count_18__reg_p:D (DFFQX1H7L)                                      |        | 0.001       | 0.000      | 0.073      |             | 0.000  | 0.790r          |
|                                                                    |        |             |            |            |             |        |                 |
| clk (port)                                                         |        | 0.032       | 0.000      | 0.000      |             | 0.000  | 0.000r          |
| clk (clock net)                                                    | 48     |             |            |            | NA          |        |                 |
| count_18__reg_p:CK (DFFQX1H7L)                                     |        | 0.001       | 0.000      | 0.000      |             | 0.000  | 0.000r          |
| clock core_clock (rise edge)                                       |        |             |            |            |             | 2      | 2               |
| clock network delay (ideal)                                        |        |             |            |            |             | 0.000  | 2.000           |
| count_18__reg_p:CK (DFFQX1H7L)                                     |        |             |            |            |             |        | 2.000r          |
| library setup time                                                 |        |             |            |            |             | -0.056 | 1.944           |
| clock reconvergence pessimism                                      |        |             |            |            |             | 0.000  | 1.944           |
|                                                                    |        |             |            |            |             |        |                 |
| path cell delay                                                    |        |             |            |            |             |        | 0.790(100.000%) |
| path net delay                                                     |        |             |            |            |             |        | 0.000(0.000%)   |
|                                                                    |        |             |            |            |             |        |                 |
| data require time                                                  |        |             |            |            |             |        | 1.944           |
| data arrival time                                                  |        |             |            |            |             |        | 0.790           |
| slack (MET)                                                        |        |             |            |            |             |        | 1.155           |
+--------------------------------------------------------------------+--------+-------------+------------+------------+-------------+--------+-----------------+
+--------------------------------------------------------------------+--------+-------------+------------+------------+-------------+--------+-----------------+
| Point                                                              | Fanout | Capacitance | Resistance | Transition | Delta Delay | Incr   | Path            |
+--------------------------------------------------------------------+--------+-------------+------------+------------+-------------+--------+-----------------+
| clk (port)                                                         |        | 0.043       | 0.000      | 0.000      |             | 0.000  | 0.000r          |
| clk (clock net)                                                    | 48     |             |            |            | NA          |        |                 |
| count_1__reg_p:CK (DFFQX1H7L)                                      |        | 0.001       | 0.000      | 0.000      |             | 0.000  | 0.000r          |
| clock core_clock (rise edge)                                       |        |             |            |            |             | 0      | 0               |
| clock network delay (ideal)                                        |        |             |            |            |             | 0.000  | 0.000           |
| count_1__reg_p:CK (DFFQX1H7L)                                      |        | 0.001       | 0.000      | 0.000      |             | 0.000  | 0.000r          |
| count_1__reg_p:Q (DFFQX1H7L)                                       |        | 0.007       | 0.000      | 0.133      |             | 0.205  | 0.205r          |
| count_1_ (net)                                                     | 6      |             |            |            | 0.000       |        |                 |
| count_3__NAND4X6H7L_D:A (NAND4X6H7L)                               |        | 0.003       | 0.000      | 0.133      |             | 0.000  | 0.205r          |
| count_3__NAND4X6H7L_D:Y (NAND4X6H7L)                               |        | 0.006       | 0.000      | 0.104      |             | 0.110  | 0.315f          |
| count_3__NAND4X6H7L_D_Y (net)                                      | 8      |             |            |            | 0.000       |        |                 |
| count_12__NAND4X0P5H7L_A_Y_OR4X3H7L_C:A (OR4X3H7L)                 |        | 0.001       | 0.000      | 0.104      |             | 0.000  | 0.315f          |
| count_12__NAND4X0P5H7L_A_Y_OR4X3H7L_C:Y (OR4X3H7L)                 |        | 0.002       | 0.000      | 0.072      |             | 0.223  | 0.538f          |
| count_12__NAND4X0P5H7L_A_Y_OR4X3H7L_C_Y (net)                      | 1      |             |            |            | 0.000       |        |                 |
| count_12__NAND4X0P5H7L_A_Y_OR4X3H7L_C_Y_BUFX7H7L_A:A (BUFX7H7L)    |        | 0.002       | 0.000      | 0.072      |             | 0.000  | 0.538f          |
| count_12__NAND4X0P5H7L_A_Y_OR4X3H7L_C_Y_BUFX7H7L_A:Y (BUFX7H7L)    |        | 0.009       | 0.000      | 0.039      |             | 0.085  | 0.623f          |
| count_16__reg_p_D_NOR2X3H7L_Y_B_XNOR2X1P4H7L_Y_B (net)             | 12     |             |            |            | 0.000       |        |                 |
| count_17__reg_p_D_AOI2XB1X1H7L_Y_A1N_NOR3X1P4H7L_Y:C (NOR3X1P4H7L) |        | 0.001       | 0.000      | 0.039      |             | 0.000  | 0.623f          |
| count_17__reg_p_D_AOI2XB1X1H7L_Y_A1N_NOR3X1P4H7L_Y:Y (NOR3X1P4H7L) |        | 0.001       | 0.000      | 0.086      |             | 0.068  | 0.691r          |
| count_17__reg_p_D_AOI2XB1X1H7L_Y_A1N (net)                         | 1      |             |            |            | 0.000       |        |                 |
| count_17__reg_p_D_AOI2XB1X1H7L_Y:A1N (AOI2XB1X1H7L)                |        | 0.001       | 0.000      | 0.086      |             | 0.000  | 0.691r          |
| count_17__reg_p_D_AOI2XB1X1H7L_Y:Y (AOI2XB1X1H7L)                  |        | 0.001       | 0.000      | 0.073      |             | 0.098  | 0.790r          |
| count_17__reg_p_D (net)                                            | 1      |             |            |            | 0.000       |        |                 |
| count_17__reg_p:D (DFFQX1H7L)                                      |        | 0.001       | 0.000      | 0.073      |             | 0.000  | 0.790r          |
|                                                                    |        |             |            |            |             |        |                 |
| clk (port)                                                         |        | 0.032       | 0.000      | 0.000      |             | 0.000  | 0.000r          |
| clk (clock net)                                                    | 48     |             |            |            | NA          |        |                 |
| count_17__reg_p:CK (DFFQX1H7L)                                     |        | 0.001       | 0.000      | 0.000      |             | 0.000  | 0.000r          |
| clock core_clock (rise edge)                                       |        |             |            |            |             | 2      | 2               |
| clock network delay (ideal)                                        |        |             |            |            |             | 0.000  | 2.000           |
| count_17__reg_p:CK (DFFQX1H7L)                                     |        |             |            |            |             |        | 2.000r          |
| library setup time                                                 |        |             |            |            |             | -0.056 | 1.944           |
| clock reconvergence pessimism                                      |        |             |            |            |             | 0.000  | 1.944           |
|                                                                    |        |             |            |            |             |        |                 |
| path cell delay                                                    |        |             |            |            |             |        | 0.790(100.000%) |
| path net delay                                                     |        |             |            |            |             |        | 0.000(0.000%)   |
|                                                                    |        |             |            |            |             |        |                 |
| data require time                                                  |        |             |            |            |             |        | 1.944           |
| data arrival time                                                  |        |             |            |            |             |        | 0.790           |
| slack (MET)                                                        |        |             |            |            |             |        | 1.155           |
+--------------------------------------------------------------------+--------+-------------+------------+------------+-------------+--------+-----------------+
+--------------------------------------------------------------------+--------+-------------+------------+------------+-------------+--------+-----------------+
| Point                                                              | Fanout | Capacitance | Resistance | Transition | Delta Delay | Incr   | Path            |
+--------------------------------------------------------------------+--------+-------------+------------+------------+-------------+--------+-----------------+
| clk (port)                                                         |        | 0.032       | 0.000      | 0.000      |             | 0.000  | 0.000r          |
| clk (clock net)                                                    | 48     |             |            |            | NA          |        |                 |
| count_21__reg_p:CK (DFFQX1H7L)                                     |        | 0.001       | 0.000      | 0.000      |             | 0.000  | 0.000r          |
| clock core_clock (rise edge)                                       |        |             |            |            |             | 0      | 0               |
| clock network delay (ideal)                                        |        |             |            |            |             | 0.000  | 0.000           |
| count_21__reg_p:CK (DFFQX1H7L)                                     |        | 0.001       | 0.000      | 0.000      |             | 0.000  | 0.000r          |
| count_21__reg_p:Q (DFFQX1H7L)                                      |        | 0.002       | 0.000      | 0.056      |             | 0.122  | 0.122f          |
| count_21_ (net)                                                    | 4      |             |            |            | 0.000       |        |                 |
| count_21__reg_p_D_AOI21X2H7L_Y_A0_OAI21X0P5H7L_Y:B0 (OAI21X0P5H7L) |        | 0.001       | 0.000      | 0.056      |             | 0.000  | 0.122f          |
| count_21__reg_p_D_AOI21X2H7L_Y_A0_OAI21X0P5H7L_Y:Y (OAI21X0P5H7L)  |        | 0.001       | 0.000      | 0.040      |             | 0.044  | 0.166r          |
| count_21__reg_p_D_AOI21X2H7L_Y_A0 (net)                            | 1      |             |            |            | 0.000       |        |                 |
| count_21__reg_p_D_AOI21X2H7L_Y:A0 (AOI21X2H7L)                     |        | 0.001       | 0.000      | 0.040      |             | 0.000  | 0.166r          |
| count_21__reg_p_D_AOI21X2H7L_Y:Y (AOI21X2H7L)                      |        | 0.001       | 0.000      | 0.029      |             | 0.036  | 0.203f          |
| count_21__reg_p_D (net)                                            | 1      |             |            |            | 0.000       |        |                 |
| count_21__reg_p:D (DFFQX1H7L)                                      |        | 0.001       | 0.000      | 0.029      |             | 0.000  | 0.203f          |
|                                                                    |        |             |            |            |             |        |                 |
| clk (port)                                                         |        | 0.043       | 0.000      | 0.000      |             | 0.000  | 0.000r          |
| clk (clock net)                                                    | 48     |             |            |            | NA          |        |                 |
| count_21__reg_p:CK (DFFQX1H7L)                                     |        | 0.001       | 0.000      | 0.000      |             | 0.000  | 0.000r          |
| clock core_clock (rise edge)                                       |        |             |            |            |             | 0      | 0               |
| clock network delay (ideal)                                        |        |             |            |            |             | 0.000  | 0.000           |
| count_21__reg_p:CK (DFFQX1H7L)                                     |        |             |            |            |             |        | 0.000r          |
| library hold time                                                  |        |             |            |            |             | -0.013 | -0.013          |
| clock reconvergence pessimism                                      |        |             |            |            |             | -0.000 | -0.013          |
|                                                                    |        |             |            |            |             |        |                 |
| path cell delay                                                    |        |             |            |            |             |        | 0.203(100.000%) |
| path net delay                                                     |        |             |            |            |             |        | 0.000(0.000%)   |
|                                                                    |        |             |            |            |             |        |                 |
| data require time                                                  |        |             |            |            |             |        | -0.013          |
| data arrival time                                                  |        |             |            |            |             |        | 0.203           |
| slack (MET)                                                        |        |             |            |            |             |        | 0.215           |
+--------------------------------------------------------------------+--------+-------------+------------+------------+-------------+--------+-----------------+
+--------------------------------------------------------------------+--------+-------------+------------+------------+-------------+--------+-----------------+
| Point                                                              | Fanout | Capacitance | Resistance | Transition | Delta Delay | Incr   | Path            |
+--------------------------------------------------------------------+--------+-------------+------------+------------+-------------+--------+-----------------+
| clk (port)                                                         |        | 0.032       | 0.000      | 0.000      |             | 0.000  | 0.000r          |
| clk (clock net)                                                    | 48     |             |            |            | NA          |        |                 |
| count_20__reg_p:CK (DFFQX1H7L)                                     |        | 0.001       | 0.000      | 0.000      |             | 0.000  | 0.000r          |
| clock core_clock (rise edge)                                       |        |             |            |            |             | 0      | 0               |
| clock network delay (ideal)                                        |        |             |            |            |             | 0.000  | 0.000           |
| count_20__reg_p:CK (DFFQX1H7L)                                     |        | 0.001       | 0.000      | 0.000      |             | 0.000  | 0.000r          |
| count_20__reg_p:Q (DFFQX1H7L)                                      |        | 0.002       | 0.000      | 0.056      |             | 0.122  | 0.122f          |
| count_20_ (net)                                                    | 4      |             |            |            | 0.000       |        |                 |
| count_20__reg_p_D_AOI21X2H7L_Y_A0_OAI21X0P5H7L_Y:B0 (OAI21X0P5H7L) |        | 0.001       | 0.000      | 0.056      |             | 0.000  | 0.122f          |
| count_20__reg_p_D_AOI21X2H7L_Y_A0_OAI21X0P5H7L_Y:Y (OAI21X0P5H7L)  |        | 0.001       | 0.000      | 0.040      |             | 0.044  | 0.167r          |
| count_20__reg_p_D_AOI21X2H7L_Y_A0 (net)                            | 1      |             |            |            | 0.000       |        |                 |
| count_20__reg_p_D_AOI21X2H7L_Y:A0 (AOI21X2H7L)                     |        | 0.001       | 0.000      | 0.040      |             | 0.000  | 0.167r          |
| count_20__reg_p_D_AOI21X2H7L_Y:Y (AOI21X2H7L)                      |        | 0.001       | 0.000      | 0.029      |             | 0.036  | 0.203f          |
| count_20__reg_p_D (net)                                            | 1      |             |            |            | 0.000       |        |                 |
| count_20__reg_p:D (DFFQX1H7L)                                      |        | 0.001       | 0.000      | 0.029      |             | 0.000  | 0.203f          |
|                                                                    |        |             |            |            |             |        |                 |
| clk (port)                                                         |        | 0.043       | 0.000      | 0.000      |             | 0.000  | 0.000r          |
| clk (clock net)                                                    | 48     |             |            |            | NA          |        |                 |
| count_20__reg_p:CK (DFFQX1H7L)                                     |        | 0.001       | 0.000      | 0.000      |             | 0.000  | 0.000r          |
| clock core_clock (rise edge)                                       |        |             |            |            |             | 0      | 0               |
| clock network delay (ideal)                                        |        |             |            |            |             | 0.000  | 0.000           |
| count_20__reg_p:CK (DFFQX1H7L)                                     |        |             |            |            |             |        | 0.000r          |
| library hold time                                                  |        |             |            |            |             | -0.013 | -0.013          |
| clock reconvergence pessimism                                      |        |             |            |            |             | -0.000 | -0.013          |
|                                                                    |        |             |            |            |             |        |                 |
| path cell delay                                                    |        |             |            |            |             |        | 0.203(100.000%) |
| path net delay                                                     |        |             |            |            |             |        | 0.000(0.000%)   |
|                                                                    |        |             |            |            |             |        |                 |
| data require time                                                  |        |             |            |            |             |        | -0.013          |
| data arrival time                                                  |        |             |            |            |             |        | 0.203           |
| slack (MET)                                                        |        |             |            |            |             |        | 0.216           |
+--------------------------------------------------------------------+--------+-------------+------------+------------+-------------+--------+-----------------+
+----------------------------------------------------------------------+--------+-------------+------------+------------+-------------+--------+-----------------+
| Point                                                                | Fanout | Capacitance | Resistance | Transition | Delta Delay | Incr   | Path            |
+----------------------------------------------------------------------+--------+-------------+------------+------------+-------------+--------+-----------------+
| clk (port)                                                           |        | 0.032       | 0.000      | 0.000      |             | 0.000  | 0.000r          |
| clk (clock net)                                                      | 48     |             |            |            | NA          |        |                 |
| count_19__reg_p:CK (DFFQX1H7L)                                       |        | 0.001       | 0.000      | 0.000      |             | 0.000  | 0.000r          |
| clock core_clock (rise edge)                                         |        |             |            |            |             | 0      | 0               |
| clock network delay (ideal)                                          |        |             |            |            |             | 0.000  | 0.000           |
| count_19__reg_p:CK (DFFQX1H7L)                                       |        | 0.001       | 0.000      | 0.000      |             | 0.000  | 0.000r          |
| count_19__reg_p:Q (DFFQX1H7L)                                        |        | 0.003       | 0.000      | 0.062      |             | 0.128  | 0.128f          |
| count_19_ (net)                                                      | 5      |             |            |            | 0.000       |        |                 |
| count_19__reg_p_D_AOI21X1P4H7L_Y_A0_OAI21X0P5H7L_Y:B0 (OAI21X0P5H7L) |        | 0.001       | 0.000      | 0.062      |             | 0.000  | 0.128f          |
| count_19__reg_p_D_AOI21X1P4H7L_Y_A0_OAI21X0P5H7L_Y:Y (OAI21X0P5H7L)  |        | 0.001       | 0.000      | 0.040      |             | 0.045  | 0.173r          |
| count_19__reg_p_D_AOI21X1P4H7L_Y_A0 (net)                            | 1      |             |            |            | 0.000       |        |                 |
| count_19__reg_p_D_AOI21X1P4H7L_Y:A0 (AOI21X1P4H7L)                   |        | 0.001       | 0.000      | 0.040      |             | 0.000  | 0.173r          |
| count_19__reg_p_D_AOI21X1P4H7L_Y:Y (AOI21X1P4H7L)                    |        | 0.001       | 0.000      | 0.033      |             | 0.039  | 0.212f          |
| count_19__reg_p_D (net)                                              | 1      |             |            |            | 0.000       |        |                 |
| count_19__reg_p:D (DFFQX1H7L)                                        |        | 0.001       | 0.000      | 0.033      |             | 0.000  | 0.212f          |
|                                                                      |        |             |            |            |             |        |                 |
| clk (port)                                                           |        | 0.043       | 0.000      | 0.000      |             | 0.000  | 0.000r          |
| clk (clock net)                                                      | 48     |             |            |            | NA          |        |                 |
| count_19__reg_p:CK (DFFQX1H7L)                                       |        | 0.001       | 0.000      | 0.000      |             | 0.000  | 0.000r          |
| clock core_clock (rise edge)                                         |        |             |            |            |             | 0      | 0               |
| clock network delay (ideal)                                          |        |             |            |            |             | 0.000  | 0.000           |
| count_19__reg_p:CK (DFFQX1H7L)                                       |        |             |            |            |             |        | 0.000r          |
| library hold time                                                    |        |             |            |            |             | -0.013 | -0.013          |
| clock reconvergence pessimism                                        |        |             |            |            |             | -0.000 | -0.013          |
|                                                                      |        |             |            |            |             |        |                 |
| path cell delay                                                      |        |             |            |            |             |        | 0.212(100.000%) |
| path net delay                                                       |        |             |            |            |             |        | 0.000(0.000%)   |
|                                                                      |        |             |            |            |             |        |                 |
| data require time                                                    |        |             |            |            |             |        | -0.013          |
| data arrival time                                                    |        |             |            |            |             |        | 0.212           |
| slack (MET)                                                          |        |             |            |            |             |        | 0.226           |
+----------------------------------------------------------------------+--------+-------------+------------+------------+-------------+--------+-----------------+
+---------------------------------------------------------+--------+-------------+------------+------------+-------------+--------+-----------------+
| Point                                                   | Fanout | Capacitance | Resistance | Transition | Delta Delay | Incr   | Path            |
+---------------------------------------------------------+--------+-------------+------------+------------+-------------+--------+-----------------+
| clk (port)                                              |        | 0.032       | 0.000      | 0.000      |             | 0.000  | 0.000r          |
| clk (clock net)                                         | 48     |             |            |            | NA          |        |                 |
| count_22__reg_p:CK (DFFQX1H7L)                          |        | 0.001       | 0.000      | 0.000      |             | 0.000  | 0.000r          |
| clock core_clock (rise edge)                            |        |             |            |            |             | 0      | 0               |
| clock network delay (ideal)                             |        |             |            |            |             | 0.000  | 0.000           |
| count_22__reg_p:CK (DFFQX1H7L)                          |        | 0.001       | 0.000      | 0.000      |             | 0.000  | 0.000r          |
| count_22__reg_p:Q (DFFQX1H7L)                           |        | 0.002       | 0.000      | 0.049      |             | 0.116  | 0.116f          |
| count_22_ (net)                                         | 3      |             |            |            | 0.000       |        |                 |
| count_22__reg_p_D_AOI2BB1X1P4H7L_Y:A0N (AOI2BB1X1P4H7L) |        | 0.001       | 0.000      | 0.049      |             | 0.000  | 0.116f          |
| count_22__reg_p_D_AOI2BB1X1P4H7L_Y:Y (AOI2BB1X1P4H7L)   |        | 0.001       | 0.000      | 0.035      |             | 0.105  | 0.221f          |
| count_22__reg_p_D (net)                                 | 1      |             |            |            | 0.000       |        |                 |
| count_22__reg_p:D (DFFQX1H7L)                           |        | 0.001       | 0.000      | 0.035      |             | 0.000  | 0.221f          |
|                                                         |        |             |            |            |             |        |                 |
| clk (port)                                              |        | 0.043       | 0.000      | 0.000      |             | 0.000  | 0.000r          |
| clk (clock net)                                         | 48     |             |            |            | NA          |        |                 |
| count_22__reg_p:CK (DFFQX1H7L)                          |        | 0.001       | 0.000      | 0.000      |             | 0.000  | 0.000r          |
| clock core_clock (rise edge)                            |        |             |            |            |             | 0      | 0               |
| clock network delay (ideal)                             |        |             |            |            |             | 0.000  | 0.000           |
| count_22__reg_p:CK (DFFQX1H7L)                          |        |             |            |            |             |        | 0.000r          |
| library hold time                                       |        |             |            |            |             | -0.014 | -0.014          |
| clock reconvergence pessimism                           |        |             |            |            |             | -0.000 | -0.014          |
|                                                         |        |             |            |            |             |        |                 |
| path cell delay                                         |        |             |            |            |             |        | 0.221(100.000%) |
| path net delay                                          |        |             |            |            |             |        | 0.000(0.000%)   |
|                                                         |        |             |            |            |             |        |                 |
| data require time                                       |        |             |            |            |             |        | -0.014          |
| data arrival time                                       |        |             |            |            |             |        | 0.221           |
| slack (MET)                                             |        |             |            |            |             |        | 0.235           |
+---------------------------------------------------------+--------+-------------+------------+------------+-------------+--------+-----------------+
+---------------------------------------------------------------+--------+-------------+------------+------------+-------------+--------+-----------------+
| Point                                                         | Fanout | Capacitance | Resistance | Transition | Delta Delay | Incr   | Path            |
+---------------------------------------------------------------+--------+-------------+------------+------------+-------------+--------+-----------------+
| clk (port)                                                    |        | 0.032       | 0.000      | 0.000      |             | 0.000  | 0.000r          |
| clk (clock net)                                               | 48     |             |            |            | NA          |        |                 |
| led[15]_reg_p:CK (DFFQX1H7L)                                  |        | 0.001       | 0.000      | 0.000      |             | 0.000  | 0.000r          |
| clock core_clock (rise edge)                                  |        |             |            |            |             | 0      | 0               |
| clock network delay (ideal)                                   |        |             |            |            |             | 0.000  | 0.000           |
| led[15]_reg_p:CK (DFFQX1H7L)                                  |        | 0.001       | 0.000      | 0.000      |             | 0.000  | 0.000r          |
| led[15]_reg_p:Q (DFFQX1H7L)                                   |        | 0.001       | 0.000      | 0.043      |             | 0.110  | 0.110f          |
| led_15_ (net)                                                 | 3      |             |            |            | 0.000       |        |                 |
| led[0]_reg_p_D_MUXI2X0P5H7L_Y_B_NOR2X0P5H7L_Y:A (NOR2X0P5H7L) |        | 0.001       | 0.000      | 0.043      |             | 0.000  | 0.110f          |
| led[0]_reg_p_D_MUXI2X0P5H7L_Y_B_NOR2X0P5H7L_Y:Y (NOR2X0P5H7L) |        | 0.001       | 0.000      | 0.058      |             | 0.057  | 0.167r          |
| led[0]_reg_p_D_MUXI2X0P5H7L_Y_B (net)                         | 1      |             |            |            | 0.000       |        |                 |
| led[0]_reg_p_D_MUXI2X0P5H7L_Y:B (MUXI2X0P5H7L)                |        | 0.001       | 0.000      | 0.058      |             | 0.000  | 0.167r          |
| led[0]_reg_p_D_MUXI2X0P5H7L_Y:Y (MUXI2X0P5H7L)                |        | 0.001       | 0.000      | 0.048      |             | 0.052  | 0.219f          |
| led[0]_reg_p_D (net)                                          | 1      |             |            |            | 0.000       |        |                 |
| led[0]_reg_p:D (DFFQX1H7L)                                    |        | 0.001       | 0.000      | 0.048      |             | 0.000  | 0.219f          |
|                                                               |        |             |            |            |             |        |                 |
| clk (port)                                                    |        | 0.043       | 0.000      | 0.000      |             | 0.000  | 0.000r          |
| clk (clock net)                                               | 48     |             |            |            | NA          |        |                 |
| led[0]_reg_p:CK (DFFQX1H7L)                                   |        | 0.001       | 0.000      | 0.000      |             | 0.000  | 0.000r          |
| clock core_clock (rise edge)                                  |        |             |            |            |             | 0      | 0               |
| clock network delay (ideal)                                   |        |             |            |            |             | 0.000  | 0.000           |
| led[0]_reg_p:CK (DFFQX1H7L)                                   |        |             |            |            |             |        | 0.000r          |
| library hold time                                             |        |             |            |            |             | -0.016 | -0.016          |
| clock reconvergence pessimism                                 |        |             |            |            |             | -0.000 | -0.016          |
|                                                               |        |             |            |            |             |        |                 |
| path cell delay                                               |        |             |            |            |             |        | 0.219(100.000%) |
| path net delay                                                |        |             |            |            |             |        | 0.000(0.000%)   |
|                                                               |        |             |            |            |             |        |                 |
| data require time                                             |        |             |            |            |             |        | -0.016          |
| data arrival time                                             |        |             |            |            |             |        | 0.219           |
| slack (MET)                                                   |        |             |            |            |             |        | 0.235           |
+---------------------------------------------------------------+--------+-------------+------------+------------+-------------+--------+-----------------+
