Generate the report at 2026-07-26T20:39:42, GitVersion: aa25008b3778a76ae1975c839d4cc459f7f7b3b7.
+-------------------+-------------+------------+------------+---------------+-------+-------+-----------+
| Endpoint          | Clock Group | Delay Type | Path Delay | Path Required | CPPR  | Slack | Freq(MHz) |
+-------------------+-------------+------------+------------+---------------+-------+-------+-----------+
| count_20__reg_p:D | core_clock  | max        | 0.529r     | 1.965         | 0.000 | 1.436 | 1773.534  |
| count_21__reg_p:D | core_clock  | max        | 0.529r     | 1.965         | 0.000 | 1.437 | 1775.017  |
| count_19__reg_p:D | core_clock  | max        | 0.524r     | 1.965         | 0.000 | 1.441 | 1787.626  |
| count_17__reg_p:D | core_clock  | max        | 0.517r     | 1.965         | 0.000 | 1.448 | 1811.046  |
| count_18__reg_p:D | core_clock  | max        | 0.517r     | 1.965         | 0.000 | 1.448 | 1811.279  |
| count_21__reg_p:D | core_clock  | min        | 0.132f     | -0.005        | 0.000 | 0.137 | NA        |
| count_20__reg_p:D | core_clock  | min        | 0.137f     | -0.005        | 0.000 | 0.142 | NA        |
| count_19__reg_p:D | core_clock  | min        | 0.143f     | -0.006        | 0.000 | 0.149 | NA        |
| count_22__reg_p:D | core_clock  | min        | 0.146f     | -0.005        | 0.000 | 0.151 | NA        |
| led[0]_reg_p:D    | core_clock  | min        | 0.144f     | -0.008        | 0.000 | 0.152 | NA        |
+-------------------+-------------+------------+------------+---------------+-------+-------+-----------+
+------------+------------+-------+
| Clock      | Delay Type | TNS   |
+------------+------------+-------+
| core_clock | max        | 0.000 |
| core_clock | min        | 0.000 |
+------------+------------+-------+
+-----------------------------------------------------------------+--------+-------------+------------+------------+-------------+--------+-----------------+
| Point                                                           | Fanout | Capacitance | Resistance | Transition | Delta Delay | Incr   | Path            |
+-----------------------------------------------------------------+--------+-------------+------------+------------+-------------+--------+-----------------+
| clk (port)                                                      |        | 0.046       | 0.000      | 0.000      |             | 0.000  | 0.000r          |
| clk (clock net)                                                 | 48     |             |            |            | NA          |        |                 |
| count_1__reg_p:CK (DFFQX1H7R)                                   |        | 0.001       | 0.000      | 0.000      |             | 0.000  | 0.000r          |
| clock core_clock (rise edge)                                    |        |             |            |            |             | 0      | 0               |
| clock network delay (ideal)                                     |        |             |            |            |             | 0.000  | 0.000           |
| count_1__reg_p:CK (DFFQX1H7R)                                   |        | 0.001       | 0.000      | 0.000      |             | 0.000  | 0.000r          |
| count_1__reg_p:Q (DFFQX1H7R)                                    |        | 0.007       | 0.000      | 0.089      |             | 0.142  | 0.142r          |
| count_1_ (net)                                                  | 6      |             |            |            | 0.000       |        |                 |
| count_3__NAND4X6H7R_D:A (NAND4X6H7R)                            |        | 0.003       | 0.000      | 0.089      |             | 0.000  | 0.142r          |
| count_3__NAND4X6H7R_D:Y (NAND4X6H7R)                            |        | 0.006       | 0.000      | 0.075      |             | 0.076  | 0.218f          |
| count_3__NAND4X6H7R_D_Y (net)                                   | 8      |             |            |            | 0.000       |        |                 |
| count_12__NAND4X0P5H7R_A_Y_OR4X3H7R_C:A (OR4X3H7R)              |        | 0.001       | 0.000      | 0.075      |             | 0.000  | 0.218f          |
| count_12__NAND4X0P5H7R_A_Y_OR4X3H7R_C:Y (OR4X3H7R)              |        | 0.002       | 0.000      | 0.043      |             | 0.139  | 0.357f          |
| count_12__NAND4X0P5H7R_A_Y_OR4X3H7R_C_Y (net)                   | 1      |             |            |            | 0.000       |        |                 |
| count_12__NAND4X0P5H7R_A_Y_OR4X3H7R_C_Y_BUFX7H7R_A:A (BUFX7H7R) |        | 0.002       | 0.000      | 0.043      |             | 0.000  | 0.357f          |
| count_12__NAND4X0P5H7R_A_Y_OR4X3H7R_C_Y_BUFX7H7R_A:Y (BUFX7H7R) |        | 0.010       | 0.000      | 0.028      |             | 0.054  | 0.411f          |
| count_16__reg_p_D_NOR2X3H7R_Y_B_XNOR2X3H7R_Y_B (net)            | 12     |             |            |            | 0.000       |        |                 |
| count_20__reg_p_D_AOI21X2H7R_Y_A1_OR3X1P4H7R_Y:B (OR3X1P4H7R)   |        | 0.001       | 0.000      | 0.028      |             | 0.000  | 0.411f          |
| count_20__reg_p_D_AOI21X2H7R_Y_A1_OR3X1P4H7R_Y:Y (OR3X1P4H7R)   |        | 0.001       | 0.000      | 0.033      |             | 0.084  | 0.495f          |
| count_20__reg_p_D_AOI21X2H7R_Y_A1 (net)                         | 1      |             |            |            | 0.000       |        |                 |
| count_20__reg_p_D_AOI21X2H7R_Y:A1 (AOI21X2H7R)                  |        | 0.001       | 0.000      | 0.033      |             | 0.000  | 0.495f          |
| count_20__reg_p_D_AOI21X2H7R_Y:Y (AOI21X2H7R)                   |        | 0.001       | 0.000      | 0.042      |             | 0.034  | 0.529r          |
| count_20__reg_p_D (net)                                         | 1      |             |            |            | 0.000       |        |                 |
| count_20__reg_p:D (DFFQX1H7R)                                   |        | 0.001       | 0.000      | 0.042      |             | 0.000  | 0.529r          |
|                                                                 |        |             |            |            |             |        |                 |
| clk (port)                                                      |        | 0.035       | 0.000      | 0.000      |             | 0.000  | 0.000r          |
| clk (clock net)                                                 | 48     |             |            |            | NA          |        |                 |
| count_20__reg_p:CK (DFFQX1H7R)                                  |        | 0.001       | 0.000      | 0.000      |             | 0.000  | 0.000r          |
| clock core_clock (rise edge)                                    |        |             |            |            |             | 2      | 2               |
| clock network delay (ideal)                                     |        |             |            |            |             | 0.000  | 2.000           |
| count_20__reg_p:CK (DFFQX1H7R)                                  |        |             |            |            |             |        | 2.000r          |
| library setup time                                              |        |             |            |            |             | -0.035 | 1.965           |
| clock reconvergence pessimism                                   |        |             |            |            |             | 0.000  | 1.965           |
|                                                                 |        |             |            |            |             |        |                 |
| path cell delay                                                 |        |             |            |            |             |        | 0.529(100.000%) |
| path net delay                                                  |        |             |            |            |             |        | 0.000(0.000%)   |
|                                                                 |        |             |            |            |             |        |                 |
| data require time                                               |        |             |            |            |             |        | 1.965           |
| data arrival time                                               |        |             |            |            |             |        | 0.529           |
| slack (MET)                                                     |        |             |            |            |             |        | 1.436           |
+-----------------------------------------------------------------+--------+-------------+------------+------------+-------------+--------+-----------------+
+-----------------------------------------------------------------+--------+-------------+------------+------------+-------------+--------+-----------------+
| Point                                                           | Fanout | Capacitance | Resistance | Transition | Delta Delay | Incr   | Path            |
+-----------------------------------------------------------------+--------+-------------+------------+------------+-------------+--------+-----------------+
| clk (port)                                                      |        | 0.046       | 0.000      | 0.000      |             | 0.000  | 0.000r          |
| clk (clock net)                                                 | 48     |             |            |            | NA          |        |                 |
| count_1__reg_p:CK (DFFQX1H7R)                                   |        | 0.001       | 0.000      | 0.000      |             | 0.000  | 0.000r          |
| clock core_clock (rise edge)                                    |        |             |            |            |             | 0      | 0               |
| clock network delay (ideal)                                     |        |             |            |            |             | 0.000  | 0.000           |
| count_1__reg_p:CK (DFFQX1H7R)                                   |        | 0.001       | 0.000      | 0.000      |             | 0.000  | 0.000r          |
| count_1__reg_p:Q (DFFQX1H7R)                                    |        | 0.007       | 0.000      | 0.089      |             | 0.142  | 0.142r          |
| count_1_ (net)                                                  | 6      |             |            |            | 0.000       |        |                 |
| count_3__NAND4X6H7R_D:A (NAND4X6H7R)                            |        | 0.003       | 0.000      | 0.089      |             | 0.000  | 0.142r          |
| count_3__NAND4X6H7R_D:Y (NAND4X6H7R)                            |        | 0.006       | 0.000      | 0.075      |             | 0.076  | 0.218f          |
| count_3__NAND4X6H7R_D_Y (net)                                   | 8      |             |            |            | 0.000       |        |                 |
| count_12__NAND4X0P5H7R_A_Y_OR4X3H7R_C:A (OR4X3H7R)              |        | 0.001       | 0.000      | 0.075      |             | 0.000  | 0.218f          |
| count_12__NAND4X0P5H7R_A_Y_OR4X3H7R_C:Y (OR4X3H7R)              |        | 0.002       | 0.000      | 0.043      |             | 0.139  | 0.357f          |
| count_12__NAND4X0P5H7R_A_Y_OR4X3H7R_C_Y (net)                   | 1      |             |            |            | 0.000       |        |                 |
| count_12__NAND4X0P5H7R_A_Y_OR4X3H7R_C_Y_BUFX7H7R_A:A (BUFX7H7R) |        | 0.002       | 0.000      | 0.043      |             | 0.000  | 0.357f          |
| count_12__NAND4X0P5H7R_A_Y_OR4X3H7R_C_Y_BUFX7H7R_A:Y (BUFX7H7R) |        | 0.010       | 0.000      | 0.028      |             | 0.054  | 0.411f          |
| count_16__reg_p_D_NOR2X3H7R_Y_B_XNOR2X3H7R_Y_B (net)            | 12     |             |            |            | 0.000       |        |                 |
| count_21__reg_p_D_AOI21X2H7R_Y_A1_OR3X1P4H7R_Y:B (OR3X1P4H7R)   |        | 0.001       | 0.000      | 0.028      |             | 0.000  | 0.411f          |
| count_21__reg_p_D_AOI21X2H7R_Y_A1_OR3X1P4H7R_Y:Y (OR3X1P4H7R)   |        | 0.001       | 0.000      | 0.031      |             | 0.084  | 0.495f          |
| count_21__reg_p_D_AOI21X2H7R_Y_A1 (net)                         | 1      |             |            |            | 0.000       |        |                 |
| count_21__reg_p_D_AOI21X2H7R_Y:A1 (AOI21X2H7R)                  |        | 0.001       | 0.000      | 0.031      |             | 0.000  | 0.495f          |
| count_21__reg_p_D_AOI21X2H7R_Y:Y (AOI21X2H7R)                   |        | 0.001       | 0.000      | 0.042      |             | 0.034  | 0.529r          |
| count_21__reg_p_D (net)                                         | 1      |             |            |            | 0.000       |        |                 |
| count_21__reg_p:D (DFFQX1H7R)                                   |        | 0.001       | 0.000      | 0.042      |             | 0.000  | 0.529r          |
|                                                                 |        |             |            |            |             |        |                 |
| clk (port)                                                      |        | 0.035       | 0.000      | 0.000      |             | 0.000  | 0.000r          |
| clk (clock net)                                                 | 48     |             |            |            | NA          |        |                 |
| count_21__reg_p:CK (DFFQX1H7R)                                  |        | 0.001       | 0.000      | 0.000      |             | 0.000  | 0.000r          |
| clock core_clock (rise edge)                                    |        |             |            |            |             | 2      | 2               |
| clock network delay (ideal)                                     |        |             |            |            |             | 0.000  | 2.000           |
| count_21__reg_p:CK (DFFQX1H7R)                                  |        |             |            |            |             |        | 2.000r          |
| library setup time                                              |        |             |            |            |             | -0.035 | 1.965           |
| clock reconvergence pessimism                                   |        |             |            |            |             | 0.000  | 1.965           |
|                                                                 |        |             |            |            |             |        |                 |
| path cell delay                                                 |        |             |            |            |             |        | 0.529(100.000%) |
| path net delay                                                  |        |             |            |            |             |        | 0.000(0.000%)   |
|                                                                 |        |             |            |            |             |        |                 |
| data require time                                               |        |             |            |            |             |        | 1.965           |
| data arrival time                                               |        |             |            |            |             |        | 0.529           |
| slack (MET)                                                     |        |             |            |            |             |        | 1.437           |
+-----------------------------------------------------------------+--------+-------------+------------+------------+-------------+--------+-----------------+
+-----------------------------------------------------------------+--------+-------------+------------+------------+-------------+--------+-----------------+
| Point                                                           | Fanout | Capacitance | Resistance | Transition | Delta Delay | Incr   | Path            |
+-----------------------------------------------------------------+--------+-------------+------------+------------+-------------+--------+-----------------+
| clk (port)                                                      |        | 0.046       | 0.000      | 0.000      |             | 0.000  | 0.000r          |
| clk (clock net)                                                 | 48     |             |            |            | NA          |        |                 |
| count_1__reg_p:CK (DFFQX1H7R)                                   |        | 0.001       | 0.000      | 0.000      |             | 0.000  | 0.000r          |
| clock core_clock (rise edge)                                    |        |             |            |            |             | 0      | 0               |
| clock network delay (ideal)                                     |        |             |            |            |             | 0.000  | 0.000           |
| count_1__reg_p:CK (DFFQX1H7R)                                   |        | 0.001       | 0.000      | 0.000      |             | 0.000  | 0.000r          |
| count_1__reg_p:Q (DFFQX1H7R)                                    |        | 0.007       | 0.000      | 0.089      |             | 0.142  | 0.142r          |
| count_1_ (net)                                                  | 6      |             |            |            | 0.000       |        |                 |
| count_3__NAND4X6H7R_D:A (NAND4X6H7R)                            |        | 0.003       | 0.000      | 0.089      |             | 0.000  | 0.142r          |
| count_3__NAND4X6H7R_D:Y (NAND4X6H7R)                            |        | 0.006       | 0.000      | 0.075      |             | 0.076  | 0.218f          |
| count_3__NAND4X6H7R_D_Y (net)                                   | 8      |             |            |            | 0.000       |        |                 |
| count_12__NAND4X0P5H7R_A_Y_OR4X3H7R_C:A (OR4X3H7R)              |        | 0.001       | 0.000      | 0.075      |             | 0.000  | 0.218f          |
| count_12__NAND4X0P5H7R_A_Y_OR4X3H7R_C:Y (OR4X3H7R)              |        | 0.002       | 0.000      | 0.043      |             | 0.139  | 0.357f          |
| count_12__NAND4X0P5H7R_A_Y_OR4X3H7R_C_Y (net)                   | 1      |             |            |            | 0.000       |        |                 |
| count_12__NAND4X0P5H7R_A_Y_OR4X3H7R_C_Y_BUFX7H7R_A:A (BUFX7H7R) |        | 0.002       | 0.000      | 0.043      |             | 0.000  | 0.357f          |
| count_12__NAND4X0P5H7R_A_Y_OR4X3H7R_C_Y_BUFX7H7R_A:Y (BUFX7H7R) |        | 0.010       | 0.000      | 0.028      |             | 0.054  | 0.411f          |
| count_16__reg_p_D_NOR2X3H7R_Y_B_XNOR2X3H7R_Y_B (net)            | 12     |             |            |            | 0.000       |        |                 |
| count_19__reg_p_D_AOI21X1P4H7R_Y_A1_OR3X1P4H7R_Y:C (OR3X1P4H7R) |        | 0.001       | 0.000      | 0.028      |             | 0.000  | 0.411f          |
| count_19__reg_p_D_AOI21X1P4H7R_Y_A1_OR3X1P4H7R_Y:Y (OR3X1P4H7R) |        | 0.001       | 0.000      | 0.030      |             | 0.077  | 0.488f          |
| count_19__reg_p_D_AOI21X1P4H7R_Y_A1 (net)                       | 1      |             |            |            | 0.000       |        |                 |
| count_19__reg_p_D_AOI21X1P4H7R_Y:A1 (AOI21X1P4H7R)              |        | 0.001       | 0.000      | 0.030      |             | 0.000  | 0.488f          |
| count_19__reg_p_D_AOI21X1P4H7R_Y:Y (AOI21X1P4H7R)               |        | 0.001       | 0.000      | 0.046      |             | 0.036  | 0.524r          |
| count_19__reg_p_D (net)                                         | 1      |             |            |            | 0.000       |        |                 |
| count_19__reg_p:D (DFFQX1H7R)                                   |        | 0.001       | 0.000      | 0.046      |             | 0.000  | 0.524r          |
|                                                                 |        |             |            |            |             |        |                 |
| clk (port)                                                      |        | 0.035       | 0.000      | 0.000      |             | 0.000  | 0.000r          |
| clk (clock net)                                                 | 48     |             |            |            | NA          |        |                 |
| count_19__reg_p:CK (DFFQX1H7R)                                  |        | 0.001       | 0.000      | 0.000      |             | 0.000  | 0.000r          |
| clock core_clock (rise edge)                                    |        |             |            |            |             | 2      | 2               |
| clock network delay (ideal)                                     |        |             |            |            |             | 0.000  | 2.000           |
| count_19__reg_p:CK (DFFQX1H7R)                                  |        |             |            |            |             |        | 2.000r          |
| library setup time                                              |        |             |            |            |             | -0.035 | 1.965           |
| clock reconvergence pessimism                                   |        |             |            |            |             | 0.000  | 1.965           |
|                                                                 |        |             |            |            |             |        |                 |
| path cell delay                                                 |        |             |            |            |             |        | 0.524(100.000%) |
| path net delay                                                  |        |             |            |            |             |        | 0.000(0.000%)   |
|                                                                 |        |             |            |            |             |        |                 |
| data require time                                               |        |             |            |            |             |        | 1.965           |
| data arrival time                                               |        |             |            |            |             |        | 0.524           |
| slack (MET)                                                     |        |             |            |            |             |        | 1.441           |
+-----------------------------------------------------------------+--------+-------------+------------+------------+-------------+--------+-----------------+
+--------------------------------------------------------------------+--------+-------------+------------+------------+-------------+--------+-----------------+
| Point                                                              | Fanout | Capacitance | Resistance | Transition | Delta Delay | Incr   | Path            |
+--------------------------------------------------------------------+--------+-------------+------------+------------+-------------+--------+-----------------+
| clk (port)                                                         |        | 0.046       | 0.000      | 0.000      |             | 0.000  | 0.000r          |
| clk (clock net)                                                    | 48     |             |            |            | NA          |        |                 |
| count_1__reg_p:CK (DFFQX1H7R)                                      |        | 0.001       | 0.000      | 0.000      |             | 0.000  | 0.000r          |
| clock core_clock (rise edge)                                       |        |             |            |            |             | 0      | 0               |
| clock network delay (ideal)                                        |        |             |            |            |             | 0.000  | 0.000           |
| count_1__reg_p:CK (DFFQX1H7R)                                      |        | 0.001       | 0.000      | 0.000      |             | 0.000  | 0.000r          |
| count_1__reg_p:Q (DFFQX1H7R)                                       |        | 0.007       | 0.000      | 0.089      |             | 0.142  | 0.142r          |
| count_1_ (net)                                                     | 6      |             |            |            | 0.000       |        |                 |
| count_3__NAND4X6H7R_D:A (NAND4X6H7R)                               |        | 0.003       | 0.000      | 0.089      |             | 0.000  | 0.142r          |
| count_3__NAND4X6H7R_D:Y (NAND4X6H7R)                               |        | 0.006       | 0.000      | 0.075      |             | 0.076  | 0.218f          |
| count_3__NAND4X6H7R_D_Y (net)                                      | 8      |             |            |            | 0.000       |        |                 |
| count_12__NAND4X0P5H7R_A_Y_OR4X3H7R_C:A (OR4X3H7R)                 |        | 0.001       | 0.000      | 0.075      |             | 0.000  | 0.218f          |
| count_12__NAND4X0P5H7R_A_Y_OR4X3H7R_C:Y (OR4X3H7R)                 |        | 0.002       | 0.000      | 0.043      |             | 0.139  | 0.357f          |
| count_12__NAND4X0P5H7R_A_Y_OR4X3H7R_C_Y (net)                      | 1      |             |            |            | 0.000       |        |                 |
| count_12__NAND4X0P5H7R_A_Y_OR4X3H7R_C_Y_BUFX7H7R_A:A (BUFX7H7R)    |        | 0.002       | 0.000      | 0.043      |             | 0.000  | 0.357f          |
| count_12__NAND4X0P5H7R_A_Y_OR4X3H7R_C_Y_BUFX7H7R_A:Y (BUFX7H7R)    |        | 0.010       | 0.000      | 0.028      |             | 0.054  | 0.411f          |
| count_16__reg_p_D_NOR2X3H7R_Y_B_XNOR2X3H7R_Y_B (net)               | 12     |             |            |            | 0.000       |        |                 |
| count_17__reg_p_D_AOI2XB1X1H7R_Y_A1N_NOR3X1P4H7R_Y:C (NOR3X1P4H7R) |        | 0.001       | 0.000      | 0.028      |             | 0.000  | 0.411f          |
| count_17__reg_p_D_AOI2XB1X1H7R_Y_A1N_NOR3X1P4H7R_Y:Y (NOR3X1P4H7R) |        | 0.001       | 0.000      | 0.056      |             | 0.043  | 0.454r          |
| count_17__reg_p_D_AOI2XB1X1H7R_Y_A1N (net)                         | 1      |             |            |            | 0.000       |        |                 |
| count_17__reg_p_D_AOI2XB1X1H7R_Y:A1N (AOI2XB1X1H7R)                |        | 0.001       | 0.000      | 0.056      |             | 0.000  | 0.454r          |
| count_17__reg_p_D_AOI2XB1X1H7R_Y:Y (AOI2XB1X1H7R)                  |        | 0.001       | 0.000      | 0.050      |             | 0.063  | 0.517r          |
| count_17__reg_p_D (net)                                            | 1      |             |            |            | 0.000       |        |                 |
| count_17__reg_p:D (DFFQX1H7R)                                      |        | 0.001       | 0.000      | 0.050      |             | 0.000  | 0.517r          |
|                                                                    |        |             |            |            |             |        |                 |
| clk (port)                                                         |        | 0.035       | 0.000      | 0.000      |             | 0.000  | 0.000r          |
| clk (clock net)                                                    | 48     |             |            |            | NA          |        |                 |
| count_17__reg_p:CK (DFFQX1H7R)                                     |        | 0.001       | 0.000      | 0.000      |             | 0.000  | 0.000r          |
| clock core_clock (rise edge)                                       |        |             |            |            |             | 2      | 2               |
| clock network delay (ideal)                                        |        |             |            |            |             | 0.000  | 2.000           |
| count_17__reg_p:CK (DFFQX1H7R)                                     |        |             |            |            |             |        | 2.000r          |
| library setup time                                                 |        |             |            |            |             | -0.035 | 1.965           |
| clock reconvergence pessimism                                      |        |             |            |            |             | 0.000  | 1.965           |
|                                                                    |        |             |            |            |             |        |                 |
| path cell delay                                                    |        |             |            |            |             |        | 0.517(100.000%) |
| path net delay                                                     |        |             |            |            |             |        | 0.000(0.000%)   |
|                                                                    |        |             |            |            |             |        |                 |
| data require time                                                  |        |             |            |            |             |        | 1.965           |
| data arrival time                                                  |        |             |            |            |             |        | 0.517           |
| slack (MET)                                                        |        |             |            |            |             |        | 1.448           |
+--------------------------------------------------------------------+--------+-------------+------------+------------+-------------+--------+-----------------+
+--------------------------------------------------------------------+--------+-------------+------------+------------+-------------+--------+-----------------+
| Point                                                              | Fanout | Capacitance | Resistance | Transition | Delta Delay | Incr   | Path            |
+--------------------------------------------------------------------+--------+-------------+------------+------------+-------------+--------+-----------------+
| clk (port)                                                         |        | 0.046       | 0.000      | 0.000      |             | 0.000  | 0.000r          |
| clk (clock net)                                                    | 48     |             |            |            | NA          |        |                 |
| count_1__reg_p:CK (DFFQX1H7R)                                      |        | 0.001       | 0.000      | 0.000      |             | 0.000  | 0.000r          |
| clock core_clock (rise edge)                                       |        |             |            |            |             | 0      | 0               |
| clock network delay (ideal)                                        |        |             |            |            |             | 0.000  | 0.000           |
| count_1__reg_p:CK (DFFQX1H7R)                                      |        | 0.001       | 0.000      | 0.000      |             | 0.000  | 0.000r          |
| count_1__reg_p:Q (DFFQX1H7R)                                       |        | 0.007       | 0.000      | 0.089      |             | 0.142  | 0.142r          |
| count_1_ (net)                                                     | 6      |             |            |            | 0.000       |        |                 |
| count_3__NAND4X6H7R_D:A (NAND4X6H7R)                               |        | 0.003       | 0.000      | 0.089      |             | 0.000  | 0.142r          |
| count_3__NAND4X6H7R_D:Y (NAND4X6H7R)                               |        | 0.006       | 0.000      | 0.075      |             | 0.076  | 0.218f          |
| count_3__NAND4X6H7R_D_Y (net)                                      | 8      |             |            |            | 0.000       |        |                 |
| count_12__NAND4X0P5H7R_A_Y_OR4X3H7R_C:A (OR4X3H7R)                 |        | 0.001       | 0.000      | 0.075      |             | 0.000  | 0.218f          |
| count_12__NAND4X0P5H7R_A_Y_OR4X3H7R_C:Y (OR4X3H7R)                 |        | 0.002       | 0.000      | 0.043      |             | 0.139  | 0.357f          |
| count_12__NAND4X0P5H7R_A_Y_OR4X3H7R_C_Y (net)                      | 1      |             |            |            | 0.000       |        |                 |
| count_12__NAND4X0P5H7R_A_Y_OR4X3H7R_C_Y_BUFX7H7R_A:A (BUFX7H7R)    |        | 0.002       | 0.000      | 0.043      |             | 0.000  | 0.357f          |
| count_12__NAND4X0P5H7R_A_Y_OR4X3H7R_C_Y_BUFX7H7R_A:Y (BUFX7H7R)    |        | 0.010       | 0.000      | 0.028      |             | 0.054  | 0.411f          |
| count_16__reg_p_D_NOR2X3H7R_Y_B_XNOR2X3H7R_Y_B (net)               | 12     |             |            |            | 0.000       |        |                 |
| count_18__reg_p_D_AOI2XB1X1H7R_Y_A1N_NOR3X1P4H7R_Y:C (NOR3X1P4H7R) |        | 0.001       | 0.000      | 0.028      |             | 0.000  | 0.411f          |
| count_18__reg_p_D_AOI2XB1X1H7R_Y_A1N_NOR3X1P4H7R_Y:Y (NOR3X1P4H7R) |        | 0.001       | 0.000      | 0.056      |             | 0.043  | 0.454r          |
| count_18__reg_p_D_AOI2XB1X1H7R_Y_A1N (net)                         | 1      |             |            |            | 0.000       |        |                 |
| count_18__reg_p_D_AOI2XB1X1H7R_Y:A1N (AOI2XB1X1H7R)                |        | 0.001       | 0.000      | 0.056      |             | 0.000  | 0.454r          |
| count_18__reg_p_D_AOI2XB1X1H7R_Y:Y (AOI2XB1X1H7R)                  |        | 0.001       | 0.000      | 0.050      |             | 0.063  | 0.517r          |
| count_18__reg_p_D (net)                                            | 1      |             |            |            | 0.000       |        |                 |
| count_18__reg_p:D (DFFQX1H7R)                                      |        | 0.001       | 0.000      | 0.050      |             | 0.000  | 0.517r          |
|                                                                    |        |             |            |            |             |        |                 |
| clk (port)                                                         |        | 0.035       | 0.000      | 0.000      |             | 0.000  | 0.000r          |
| clk (clock net)                                                    | 48     |             |            |            | NA          |        |                 |
| count_18__reg_p:CK (DFFQX1H7R)                                     |        | 0.001       | 0.000      | 0.000      |             | 0.000  | 0.000r          |
| clock core_clock (rise edge)                                       |        |             |            |            |             | 2      | 2               |
| clock network delay (ideal)                                        |        |             |            |            |             | 0.000  | 2.000           |
| count_18__reg_p:CK (DFFQX1H7R)                                     |        |             |            |            |             |        | 2.000r          |
| library setup time                                                 |        |             |            |            |             | -0.035 | 1.965           |
| clock reconvergence pessimism                                      |        |             |            |            |             | 0.000  | 1.965           |
|                                                                    |        |             |            |            |             |        |                 |
| path cell delay                                                    |        |             |            |            |             |        | 0.517(100.000%) |
| path net delay                                                     |        |             |            |            |             |        | 0.000(0.000%)   |
|                                                                    |        |             |            |            |             |        |                 |
| data require time                                                  |        |             |            |            |             |        | 1.965           |
| data arrival time                                                  |        |             |            |            |             |        | 0.517           |
| slack (MET)                                                        |        |             |            |            |             |        | 1.448           |
+--------------------------------------------------------------------+--------+-------------+------------+------------+-------------+--------+-----------------+
+--------------------------------------------------------------------+--------+-------------+------------+------------+-------------+--------+-----------------+
| Point                                                              | Fanout | Capacitance | Resistance | Transition | Delta Delay | Incr   | Path            |
+--------------------------------------------------------------------+--------+-------------+------------+------------+-------------+--------+-----------------+
| clk (port)                                                         |        | 0.035       | 0.000      | 0.000      |             | 0.000  | 0.000r          |
| clk (clock net)                                                    | 48     |             |            |            | NA          |        |                 |
| count_21__reg_p:CK (DFFQX1H7R)                                     |        | 0.001       | 0.000      | 0.000      |             | 0.000  | 0.000r          |
| clock core_clock (rise edge)                                       |        |             |            |            |             | 0      | 0               |
| clock network delay (ideal)                                        |        |             |            |            |             | 0.000  | 0.000           |
| count_21__reg_p:CK (DFFQX1H7R)                                     |        | 0.001       | 0.000      | 0.000      |             | 0.000  | 0.000r          |
| count_21__reg_p:Q (DFFQX1H7R)                                      |        | 0.002       | 0.000      | 0.039      |             | 0.084  | 0.084f          |
| count_21_ (net)                                                    | 4      |             |            |            | 0.000       |        |                 |
| count_21__reg_p_D_AOI21X2H7R_Y_A0_OAI21X1P4H7R_Y:B0 (OAI21X1P4H7R) |        | 0.001       | 0.000      | 0.039      |             | 0.000  | 0.084f          |
| count_21__reg_p_D_AOI21X2H7R_Y_A0_OAI21X1P4H7R_Y:Y (OAI21X1P4H7R)  |        | 0.001       | 0.000      | 0.022      |             | 0.023  | 0.107r          |
| count_21__reg_p_D_AOI21X2H7R_Y_A0 (net)                            | 1      |             |            |            | 0.000       |        |                 |
| count_21__reg_p_D_AOI21X2H7R_Y:A0 (AOI21X2H7R)                     |        | 0.001       | 0.000      | 0.022      |             | 0.000  | 0.107r          |
| count_21__reg_p_D_AOI21X2H7R_Y:Y (AOI21X2H7R)                      |        | 0.001       | 0.000      | 0.022      |             | 0.025  | 0.132f          |
| count_21__reg_p_D (net)                                            | 1      |             |            |            | 0.000       |        |                 |
| count_21__reg_p:D (DFFQX1H7R)                                      |        | 0.001       | 0.000      | 0.022      |             | 0.000  | 0.132f          |
|                                                                    |        |             |            |            |             |        |                 |
| clk (port)                                                         |        | 0.046       | 0.000      | 0.000      |             | 0.000  | 0.000r          |
| clk (clock net)                                                    | 48     |             |            |            | NA          |        |                 |
| count_21__reg_p:CK (DFFQX1H7R)                                     |        | 0.001       | 0.000      | 0.000      |             | 0.000  | 0.000r          |
| clock core_clock (rise edge)                                       |        |             |            |            |             | 0      | 0               |
| clock network delay (ideal)                                        |        |             |            |            |             | 0.000  | 0.000           |
| count_21__reg_p:CK (DFFQX1H7R)                                     |        |             |            |            |             |        | 0.000r          |
| library hold time                                                  |        |             |            |            |             | -0.005 | -0.005          |
| clock reconvergence pessimism                                      |        |             |            |            |             | -0.000 | -0.005          |
|                                                                    |        |             |            |            |             |        |                 |
| path cell delay                                                    |        |             |            |            |             |        | 0.132(100.000%) |
| path net delay                                                     |        |             |            |            |             |        | 0.000(0.000%)   |
|                                                                    |        |             |            |            |             |        |                 |
| data require time                                                  |        |             |            |            |             |        | -0.005          |
| data arrival time                                                  |        |             |            |            |             |        | 0.132           |
| slack (MET)                                                        |        |             |            |            |             |        | 0.137           |
+--------------------------------------------------------------------+--------+-------------+------------+------------+-------------+--------+-----------------+
+--------------------------------------------------------------------+--------+-------------+------------+------------+-------------+--------+-----------------+
| Point                                                              | Fanout | Capacitance | Resistance | Transition | Delta Delay | Incr   | Path            |
+--------------------------------------------------------------------+--------+-------------+------------+------------+-------------+--------+-----------------+
| clk (port)                                                         |        | 0.035       | 0.000      | 0.000      |             | 0.000  | 0.000r          |
| clk (clock net)                                                    | 48     |             |            |            | NA          |        |                 |
| count_20__reg_p:CK (DFFQX1H7R)                                     |        | 0.001       | 0.000      | 0.000      |             | 0.000  | 0.000r          |
| clock core_clock (rise edge)                                       |        |             |            |            |             | 0      | 0               |
| clock network delay (ideal)                                        |        |             |            |            |             | 0.000  | 0.000           |
| count_20__reg_p:CK (DFFQX1H7R)                                     |        | 0.001       | 0.000      | 0.000      |             | 0.000  | 0.000r          |
| count_20__reg_p:Q (DFFQX1H7R)                                      |        | 0.002       | 0.000      | 0.038      |             | 0.084  | 0.084f          |
| count_20_ (net)                                                    | 4      |             |            |            | 0.000       |        |                 |
| count_20__reg_p_D_AOI21X2H7R_Y_A0_OAI21X0P5H7R_Y:B0 (OAI21X0P5H7R) |        | 0.001       | 0.000      | 0.038      |             | 0.000  | 0.084f          |
| count_20__reg_p_D_AOI21X2H7R_Y_A0_OAI21X0P5H7R_Y:Y (OAI21X0P5H7R)  |        | 0.001       | 0.000      | 0.027      |             | 0.027  | 0.111r          |
| count_20__reg_p_D_AOI21X2H7R_Y_A0 (net)                            | 1      |             |            |            | 0.000       |        |                 |
| count_20__reg_p_D_AOI21X2H7R_Y:A0 (AOI21X2H7R)                     |        | 0.001       | 0.000      | 0.027      |             | 0.000  | 0.111r          |
| count_20__reg_p_D_AOI21X2H7R_Y:Y (AOI21X2H7R)                      |        | 0.001       | 0.000      | 0.022      |             | 0.026  | 0.137f          |
| count_20__reg_p_D (net)                                            | 1      |             |            |            | 0.000       |        |                 |
| count_20__reg_p:D (DFFQX1H7R)                                      |        | 0.001       | 0.000      | 0.022      |             | 0.000  | 0.137f          |
|                                                                    |        |             |            |            |             |        |                 |
| clk (port)                                                         |        | 0.046       | 0.000      | 0.000      |             | 0.000  | 0.000r          |
| clk (clock net)                                                    | 48     |             |            |            | NA          |        |                 |
| count_20__reg_p:CK (DFFQX1H7R)                                     |        | 0.001       | 0.000      | 0.000      |             | 0.000  | 0.000r          |
| clock core_clock (rise edge)                                       |        |             |            |            |             | 0      | 0               |
| clock network delay (ideal)                                        |        |             |            |            |             | 0.000  | 0.000           |
| count_20__reg_p:CK (DFFQX1H7R)                                     |        |             |            |            |             |        | 0.000r          |
| library hold time                                                  |        |             |            |            |             | -0.005 | -0.005          |
| clock reconvergence pessimism                                      |        |             |            |            |             | -0.000 | -0.005          |
|                                                                    |        |             |            |            |             |        |                 |
| path cell delay                                                    |        |             |            |            |             |        | 0.137(100.000%) |
| path net delay                                                     |        |             |            |            |             |        | 0.000(0.000%)   |
|                                                                    |        |             |            |            |             |        |                 |
| data require time                                                  |        |             |            |            |             |        | -0.005          |
| data arrival time                                                  |        |             |            |            |             |        | 0.137           |
| slack (MET)                                                        |        |             |            |            |             |        | 0.142           |
+--------------------------------------------------------------------+--------+-------------+------------+------------+-------------+--------+-----------------+
+----------------------------------------------------------------------+--------+-------------+------------+------------+-------------+--------+-----------------+
| Point                                                                | Fanout | Capacitance | Resistance | Transition | Delta Delay | Incr   | Path            |
+----------------------------------------------------------------------+--------+-------------+------------+------------+-------------+--------+-----------------+
| clk (port)                                                           |        | 0.035       | 0.000      | 0.000      |             | 0.000  | 0.000r          |
| clk (clock net)                                                      | 48     |             |            |            | NA          |        |                 |
| count_19__reg_p:CK (DFFQX1H7R)                                       |        | 0.001       | 0.000      | 0.000      |             | 0.000  | 0.000r          |
| clock core_clock (rise edge)                                         |        |             |            |            |             | 0      | 0               |
| clock network delay (ideal)                                          |        |             |            |            |             | 0.000  | 0.000           |
| count_19__reg_p:CK (DFFQX1H7R)                                       |        | 0.001       | 0.000      | 0.000      |             | 0.000  | 0.000r          |
| count_19__reg_p:Q (DFFQX1H7R)                                        |        | 0.003       | 0.000      | 0.042      |             | 0.087  | 0.087f          |
| count_19_ (net)                                                      | 5      |             |            |            | 0.000       |        |                 |
| count_19__reg_p_D_AOI21X1P4H7R_Y_A0_OAI21X0P5H7R_Y:B0 (OAI21X0P5H7R) |        | 0.001       | 0.000      | 0.042      |             | 0.000  | 0.087f          |
| count_19__reg_p_D_AOI21X1P4H7R_Y_A0_OAI21X0P5H7R_Y:Y (OAI21X0P5H7R)  |        | 0.001       | 0.000      | 0.027      |             | 0.028  | 0.115r          |
| count_19__reg_p_D_AOI21X1P4H7R_Y_A0 (net)                            | 1      |             |            |            | 0.000       |        |                 |
| count_19__reg_p_D_AOI21X1P4H7R_Y:A0 (AOI21X1P4H7R)                   |        | 0.001       | 0.000      | 0.027      |             | 0.000  | 0.115r          |
| count_19__reg_p_D_AOI21X1P4H7R_Y:Y (AOI21X1P4H7R)                    |        | 0.001       | 0.000      | 0.025      |             | 0.028  | 0.143f          |
| count_19__reg_p_D (net)                                              | 1      |             |            |            | 0.000       |        |                 |
| count_19__reg_p:D (DFFQX1H7R)                                        |        | 0.001       | 0.000      | 0.025      |             | 0.000  | 0.143f          |
|                                                                      |        |             |            |            |             |        |                 |
| clk (port)                                                           |        | 0.046       | 0.000      | 0.000      |             | 0.000  | 0.000r          |
| clk (clock net)                                                      | 48     |             |            |            | NA          |        |                 |
| count_19__reg_p:CK (DFFQX1H7R)                                       |        | 0.001       | 0.000      | 0.000      |             | 0.000  | 0.000r          |
| clock core_clock (rise edge)                                         |        |             |            |            |             | 0      | 0               |
| clock network delay (ideal)                                          |        |             |            |            |             | 0.000  | 0.000           |
| count_19__reg_p:CK (DFFQX1H7R)                                       |        |             |            |            |             |        | 0.000r          |
| library hold time                                                    |        |             |            |            |             | -0.006 | -0.006          |
| clock reconvergence pessimism                                        |        |             |            |            |             | -0.000 | -0.006          |
|                                                                      |        |             |            |            |             |        |                 |
| path cell delay                                                      |        |             |            |            |             |        | 0.143(100.000%) |
| path net delay                                                       |        |             |            |            |             |        | 0.000(0.000%)   |
|                                                                      |        |             |            |            |             |        |                 |
| data require time                                                    |        |             |            |            |             |        | -0.006          |
| data arrival time                                                    |        |             |            |            |             |        | 0.143           |
| slack (MET)                                                          |        |             |            |            |             |        | 0.149           |
+----------------------------------------------------------------------+--------+-------------+------------+------------+-------------+--------+-----------------+
+---------------------------------------------------------+--------+-------------+------------+------------+-------------+--------+-----------------+
| Point                                                   | Fanout | Capacitance | Resistance | Transition | Delta Delay | Incr   | Path            |
+---------------------------------------------------------+--------+-------------+------------+------------+-------------+--------+-----------------+
| clk (port)                                              |        | 0.035       | 0.000      | 0.000      |             | 0.000  | 0.000r          |
| clk (clock net)                                         | 48     |             |            |            | NA          |        |                 |
| count_22__reg_p:CK (DFFQX1H7R)                          |        | 0.001       | 0.000      | 0.000      |             | 0.000  | 0.000r          |
| clock core_clock (rise edge)                            |        |             |            |            |             | 0      | 0               |
| clock network delay (ideal)                             |        |             |            |            |             | 0.000  | 0.000           |
| count_22__reg_p:CK (DFFQX1H7R)                          |        | 0.001       | 0.000      | 0.000      |             | 0.000  | 0.000r          |
| count_22__reg_p:Q (DFFQX1H7R)                           |        | 0.002       | 0.000      | 0.034      |             | 0.079  | 0.079f          |
| count_22_ (net)                                         | 3      |             |            |            | 0.000       |        |                 |
| count_22__reg_p_D_AOI2BB1X1P4H7R_Y:A0N (AOI2BB1X1P4H7R) |        | 0.001       | 0.000      | 0.034      |             | 0.000  | 0.079f          |
| count_22__reg_p_D_AOI2BB1X1P4H7R_Y:Y (AOI2BB1X1P4H7R)   |        | 0.001       | 0.000      | 0.024      |             | 0.066  | 0.146f          |
| count_22__reg_p_D (net)                                 | 1      |             |            |            | 0.000       |        |                 |
| count_22__reg_p:D (DFFQX1H7R)                           |        | 0.001       | 0.000      | 0.024      |             | 0.000  | 0.146f          |
|                                                         |        |             |            |            |             |        |                 |
| clk (port)                                              |        | 0.046       | 0.000      | 0.000      |             | 0.000  | 0.000r          |
| clk (clock net)                                         | 48     |             |            |            | NA          |        |                 |
| count_22__reg_p:CK (DFFQX1H7R)                          |        | 0.001       | 0.000      | 0.000      |             | 0.000  | 0.000r          |
| clock core_clock (rise edge)                            |        |             |            |            |             | 0      | 0               |
| clock network delay (ideal)                             |        |             |            |            |             | 0.000  | 0.000           |
| count_22__reg_p:CK (DFFQX1H7R)                          |        |             |            |            |             |        | 0.000r          |
| library hold time                                       |        |             |            |            |             | -0.005 | -0.005          |
| clock reconvergence pessimism                           |        |             |            |            |             | -0.000 | -0.005          |
|                                                         |        |             |            |            |             |        |                 |
| path cell delay                                         |        |             |            |            |             |        | 0.146(100.000%) |
| path net delay                                          |        |             |            |            |             |        | 0.000(0.000%)   |
|                                                         |        |             |            |            |             |        |                 |
| data require time                                       |        |             |            |            |             |        | -0.005          |
| data arrival time                                       |        |             |            |            |             |        | 0.146           |
| slack (MET)                                             |        |             |            |            |             |        | 0.151           |
+---------------------------------------------------------+--------+-------------+------------+------------+-------------+--------+-----------------+
+---------------------------------------------------------------+--------+-------------+------------+------------+-------------+--------+-----------------+
| Point                                                         | Fanout | Capacitance | Resistance | Transition | Delta Delay | Incr   | Path            |
+---------------------------------------------------------------+--------+-------------+------------+------------+-------------+--------+-----------------+
| clk (port)                                                    |        | 0.035       | 0.000      | 0.000      |             | 0.000  | 0.000r          |
| clk (clock net)                                               | 48     |             |            |            | NA          |        |                 |
| led[15]_reg_p:CK (DFFQX1H7R)                                  |        | 0.001       | 0.000      | 0.000      |             | 0.000  | 0.000r          |
| clock core_clock (rise edge)                                  |        |             |            |            |             | 0      | 0               |
| clock network delay (ideal)                                   |        |             |            |            |             | 0.000  | 0.000           |
| led[15]_reg_p:CK (DFFQX1H7R)                                  |        | 0.001       | 0.000      | 0.000      |             | 0.000  | 0.000r          |
| led[15]_reg_p:Q (DFFQX1H7R)                                   |        | 0.001       | 0.000      | 0.029      |             | 0.075  | 0.075f          |
| led_15_ (net)                                                 | 3      |             |            |            | 0.000       |        |                 |
| led[0]_reg_p_D_MUXI2X0P5H7R_Y_B_NOR2X0P5H7R_Y:A (NOR2X0P5H7R) |        | 0.001       | 0.000      | 0.029      |             | 0.000  | 0.075f          |
| led[0]_reg_p_D_MUXI2X0P5H7R_Y_B_NOR2X0P5H7R_Y:Y (NOR2X0P5H7R) |        | 0.001       | 0.000      | 0.037      |             | 0.034  | 0.109r          |
| led[0]_reg_p_D_MUXI2X0P5H7R_Y_B (net)                         | 1      |             |            |            | 0.000       |        |                 |
| led[0]_reg_p_D_MUXI2X0P5H7R_Y:B (MUXI2X0P5H7R)                |        | 0.001       | 0.000      | 0.037      |             | 0.000  | 0.109r          |
| led[0]_reg_p_D_MUXI2X0P5H7R_Y:Y (MUXI2X0P5H7R)                |        | 0.001       | 0.000      | 0.034      |             | 0.034  | 0.144f          |
| led[0]_reg_p_D (net)                                          | 1      |             |            |            | 0.000       |        |                 |
| led[0]_reg_p:D (DFFQX1H7R)                                    |        | 0.001       | 0.000      | 0.034      |             | 0.000  | 0.144f          |
|                                                               |        |             |            |            |             |        |                 |
| clk (port)                                                    |        | 0.046       | 0.000      | 0.000      |             | 0.000  | 0.000r          |
| clk (clock net)                                               | 48     |             |            |            | NA          |        |                 |
| led[0]_reg_p:CK (DFFQX1H7R)                                   |        | 0.001       | 0.000      | 0.000      |             | 0.000  | 0.000r          |
| clock core_clock (rise edge)                                  |        |             |            |            |             | 0      | 0               |
| clock network delay (ideal)                                   |        |             |            |            |             | 0.000  | 0.000           |
| led[0]_reg_p:CK (DFFQX1H7R)                                   |        |             |            |            |             |        | 0.000r          |
| library hold time                                             |        |             |            |            |             | -0.008 | -0.008          |
| clock reconvergence pessimism                                 |        |             |            |            |             | -0.000 | -0.008          |
|                                                               |        |             |            |            |             |        |                 |
| path cell delay                                               |        |             |            |            |             |        | 0.144(100.000%) |
| path net delay                                                |        |             |            |            |             |        | 0.000(0.000%)   |
|                                                               |        |             |            |            |             |        |                 |
| data require time                                             |        |             |            |            |             |        | -0.008          |
| data arrival time                                             |        |             |            |            |             |        | 0.144           |
| slack (MET)                                                   |        |             |            |            |             |        | 0.152           |
+---------------------------------------------------------------+--------+-------------+------------+------------+-------------+--------+-----------------+
